Component: ARM Compiler 5.06 update 6 (build 750) Tool: armlink [4d35ed]

==============================================================================

Section Cross References

    main.o(i.main) refers to rt_cmsis.o(i.osKernelInitialize) for osKernelInitialize
    main.o(i.main) refers to misc.o(i.NVIC_PriorityGroupConfig) for NVIC_PriorityGroupConfig
    main.o(i.main) refers to bsp_usart.o(i.Usart1_Config) for Usart1_Config
    main.o(i.main) refers to bsp_can.o(i.CAN_Config) for CAN_Config
    main.o(i.main) refers to rt_cmsis.o(i.osThreadCreate) for osThreadCreate
    main.o(i.main) refers to rt_cmsis.o(i.osKernelStart) for osKernelStart
    main.o(i.main) refers to rt_cmsis.o(i.osDelay) for osDelay
    main.o(i.main) refers to main.o(.constdata) for os_thread_def_thread7
    main.o(i.main) refers to main.o(.data) for thread7_id
    main.o(i.thread7) refers to bsp_can.o(i.CAN_SetMsg) for CAN_SetMsg
    main.o(i.thread7) refers to printf1.o(i.__0printf$1) for __2printf
    main.o(i.thread7) refers to stm32f10x_can.o(i.CAN_Transmit) for CAN_Transmit
    main.o(i.thread7) refers to stm32f10x_gpio.o(i.GPIO_ResetBits) for GPIO_ResetBits
    main.o(i.thread7) refers to stm32f10x_gpio.o(i.GPIO_SetBits) for GPIO_SetBits
    main.o(i.thread7) refers to stm32f10x_can.o(i.CAN_TransmitStatus) for CAN_TransmitStatus
    main.o(i.thread7) refers to rt_cmsis.o(i.osDelay) for osDelay
    main.o(i.thread7) refers to main.o(.data) for num
    main.o(i.thread7) refers to main.o(.bss) for TxMessage
    main.o(.constdata) refers to main.o(i.thread7) for thread7
    stm32f10x_it.o(i.USART1_IRQHandler) refers to stm32f10x_usart.o(i.USART_GetITStatus) for USART_GetITStatus
    stm32f10x_it.o(i.USART1_IRQHandler) refers to stm32f10x_usart.o(i.USART_ReceiveData) for USART_ReceiveData
    stm32f10x_it.o(i.USART1_IRQHandler) refers to main.o(.data) for Receive
    stm32f10x_it.o(i.USART2_IRQHandler) refers to stm32f10x_usart.o(i.USART_GetITStatus) for USART_GetITStatus
    stm32f10x_it.o(i.USART2_IRQHandler) refers to stm32f10x_usart.o(i.USART_ReceiveData) for USART_ReceiveData
    stm32f10x_it.o(i.USART2_IRQHandler) refers to stm32f10x_usart.o(i.USART_SendData) for USART_SendData
    stm32f10x_it.o(i.USB_LP_CAN1_RX0_IRQHandler) refers to stm32f10x_can.o(i.CAN_Receive) for CAN_Receive
    stm32f10x_it.o(i.USB_LP_CAN1_RX0_IRQHandler) refers to main.o(.bss) for RxMessage
    startup_stm32f10x_hd.o(RESET) refers to startup_stm32f10x_hd.o(STACK) for __initial_sp
    startup_stm32f10x_hd.o(RESET) refers to startup_stm32f10x_hd.o(.text) for Reset_Handler
    startup_stm32f10x_hd.o(RESET) refers to stm32f10x_it.o(i.NMI_Handler) for NMI_Handler
    startup_stm32f10x_hd.o(RESET) refers to stm32f10x_it.o(i.HardFault_Handler) for HardFault_Handler
    startup_stm32f10x_hd.o(RESET) refers to stm32f10x_it.o(i.MemManage_Handler) for MemManage_Handler
    startup_stm32f10x_hd.o(RESET) refers to stm32f10x_it.o(i.BusFault_Handler) for BusFault_Handler
    startup_stm32f10x_hd.o(RESET) refers to stm32f10x_it.o(i.UsageFault_Handler) for UsageFault_Handler
    startup_stm32f10x_hd.o(RESET) refers to hal_cm3.o(.emb_text) for SVC_Handler
    startup_stm32f10x_hd.o(RESET) refers to stm32f10x_it.o(i.DebugMon_Handler) for DebugMon_Handler
    startup_stm32f10x_hd.o(RESET) refers to stm32f10x_it.o(i.USB_LP_CAN1_RX0_IRQHandler) for USB_LP_CAN1_RX0_IRQHandler
    startup_stm32f10x_hd.o(RESET) refers to stm32f10x_it.o(i.USART1_IRQHandler) for USART1_IRQHandler
    startup_stm32f10x_hd.o(RESET) refers to stm32f10x_it.o(i.USART2_IRQHandler) for USART2_IRQHandler
    startup_stm32f10x_hd.o(.text) refers to system_stm32f10x.o(i.SystemInit) for SystemInit
    startup_stm32f10x_hd.o(.text) refers to entry.o(.ARM.Collect$$$$00000000) for __main
    system_stm32f10x.o(i.SetSysClock) refers to system_stm32f10x.o(i.SetSysClockTo72) for SetSysClockTo72
    system_stm32f10x.o(i.SystemCoreClockUpdate) refers to system_stm32f10x.o(.data) for SystemCoreClock
    system_stm32f10x.o(i.SystemInit) refers to system_stm32f10x.o(i.SetSysClock) for SetSysClock
    rtx_conf_cm.o(.ARM.Collect$$$$000000FF) refers to rt_cmsis.o(i.osKernelInitialize) for osKernelInitialize
    rtx_conf_cm.o(.ARM.Collect$$$$000000FF) refers to rt_cmsis.o(i.osThreadCreate) for osThreadCreate
    rtx_conf_cm.o(.ARM.Collect$$$$000000FF) refers to rt_cmsis.o(i.osKernelStart) for osKernelStart
    rtx_conf_cm.o(.ARM.Collect$$$$000000FF) refers to rtx_conf_cm.o(.constdata) for .constdata
    rtx_conf_cm.o(.constdata) refers to rtx_conf_cm.o(.bss) for os_messageQ_q_osTimerMessageQ
    rtx_conf_cm.o(.constdata) refers to main.o(i.main) for main
    stm32f10x_adc.o(i.ADC_DeInit) refers to stm32f10x_rcc.o(i.RCC_APB2PeriphResetCmd) for RCC_APB2PeriphResetCmd
    stm32f10x_bkp.o(i.BKP_DeInit) refers to stm32f10x_rcc.o(i.RCC_BackupResetCmd) for RCC_BackupResetCmd
    stm32f10x_can.o(i.CAN_DeInit) refers to stm32f10x_rcc.o(i.RCC_APB1PeriphResetCmd) for RCC_APB1PeriphResetCmd
[...]
    Removing stm32f10x_tim.o(i.TIM_SetCompare4), (6 bytes).
    Removing stm32f10x_tim.o(i.TIM_SetCounter), (4 bytes).
    Removing stm32f10x_tim.o(i.TIM_SetIC1Prescaler), (18 bytes).
    Removing stm32f10x_tim.o(i.TIM_SetIC2Prescaler), (26 bytes).
    Removing stm32f10x_tim.o(i.TIM_SetIC3Prescaler), (18 bytes).
    Removing stm32f10x_tim.o(i.TIM_SetIC4Prescaler), (26 bytes).
    Removing stm32f10x_tim.o(i.TIM_TIxExternalClockConfig), (62 bytes).
    Removing stm32f10x_tim.o(i.TIM_TimeBaseInit), (164 bytes).
    Removing stm32f10x_tim.o(i.TIM_TimeBaseStructInit), (18 bytes).
    Removing stm32f10x_tim.o(i.TIM_UpdateDisableConfig), (24 bytes).
    Removing stm32f10x_tim.o(i.TIM_UpdateRequestConfig), (24 bytes).
    Removing stm32f10x_usart.o(.rev16_text), (4 bytes).
    Removing stm32f10x_usart.o(.revsh_text), (4 bytes).
    Removing stm32f10x_usart.o(i.USART_ClearFlag), (18 bytes).
    Removing stm32f10x_usart.o(i.USART_ClearITPendingBit), (30 bytes).
    Removing stm32f10x_usart.o(i.USART_ClockInit), (34 bytes).
    Removing stm32f10x_usart.o(i.USART_ClockStructInit), (12 bytes).
    Removing stm32f10x_usart.o(i.USART_DMACmd), (18 bytes).
    Removing stm32f10x_usart.o(i.USART_DeInit), (156 bytes).
    Removing stm32f10x_usart.o(i.USART_HalfDuplexCmd), (24 bytes).
    Removing stm32f10x_usart.o(i.USART_IrDACmd), (24 bytes).
    Removing stm32f10x_usart.o(i.USART_IrDAConfig), (18 bytes).
    Removing stm32f10x_usart.o(i.USART_LINBreakDetectLengthConfig), (18 bytes).
    Removing stm32f10x_usart.o(i.USART_LINCmd), (24 bytes).
    Removing stm32f10x_usart.o(i.USART_OneBitMethodCmd), (24 bytes).
    Removing stm32f10x_usart.o(i.USART_OverSampling8Cmd), (22 bytes).
    Removing stm32f10x_usart.o(i.USART_ReceiverWakeUpCmd), (24 bytes).
    Removing stm32f10x_usart.o(i.USART_SendBreak), (10 bytes).
    Removing stm32f10x_usart.o(i.USART_SetAddress), (18 bytes).
    Removing stm32f10x_usart.o(i.USART_SetGuardTime), (16 bytes).
    Removing stm32f10x_usart.o(i.USART_SetPrescaler), (16 bytes).
    Removing stm32f10x_usart.o(i.USART_SmartCardCmd), (24 bytes).
    Removing stm32f10x_usart.o(i.USART_SmartCardNACKCmd), (24 bytes).
    Removing stm32f10x_usart.o(i.USART_StructInit), (24 bytes).
    Removing stm32f10x_usart.o(i.USART_WakeUpConfig), (18 bytes).
    Removing stm32f10x_wwdg.o(.rev16_text), (4 bytes).
    Removing stm32f10x_wwdg.o(.revsh_text), (4 bytes).
    Removing stm32f10x_wwdg.o(i.WWDG_ClearFlag), (12 bytes).
    Removing stm32f10x_wwdg.o(i.WWDG_DeInit), (22 bytes).
    Removing stm32f10x_wwdg.o(i.WWDG_Enable), (16 bytes).
    Removing stm32f10x_wwdg.o(i.WWDG_EnableIT), (12 bytes).
    Removing stm32f10x_wwdg.o(i.WWDG_GetFlagStatus), (12 bytes).
    Removing stm32f10x_wwdg.o(i.WWDG_SetCounter), (16 bytes).
    Removing stm32f10x_wwdg.o(i.WWDG_SetPrescaler), (24 bytes).
    Removing stm32f10x_wwdg.o(i.WWDG_SetWindowValue), (40 bytes).
    Removing bsp_led.o(.rev16_text), (4 bytes).
    Removing bsp_led.o(.revsh_text), (4 bytes).
    Removing bsp_led.o(i.GPIO_PP_Config), (42 bytes).
    Removing bsp_led.o(i.RGB_GPIO_Config), (64 bytes).
    Removing bsp_usart.o(.rev16_text), (4 bytes).
    Removing bsp_usart.o(.revsh_text), (4 bytes).
    Removing bsp_usart.o(i.DMA_Enable), (36 bytes).
    Removing bsp_usart.o(i.Usart2_Config), (84 bytes).
    Removing bsp_usart.o(i.Usart2_NVIC_Config), (34 bytes).
    Removing bsp_usart.o(i.Usart3_DMA_Config), (272 bytes).
    Removing bsp_usart.o(i.Usart_SendByte), (30 bytes).
    Removing bsp_usart.o(i.Usart_SendString), (44 bytes).
    Removing bsp_usart.o(i.Ussart1_Register_Config), (76 bytes).
    Removing bsp_usart.o(i.usart2_GPIO_Config), (64 bytes).
    Removing bsp_can.o(.rev16_text), (4 bytes).
    Removing bsp_can.o(.revsh_text), (4 bytes).
    Removing bsp_can.o(i.Init_RxMes), (36 bytes).
    Removing tool_pid.o(.rev16_text), (4 bytes).
    Removing tool_pid.o(.revsh_text), (4 bytes).
    Removing tool_pid.o(i.PID_Base_Init), (8 bytes).
    Removing tool_pid.o(i.PID_Base_InitStruct), (22 bytes).
    Removing tool_pid.o(i.PID_Init), (22 bytes).
    Removing tool_pid.o(i.PID_InitStruct), (30 bytes).
    Removing tool_pid.o(i.PID_Set), (360 bytes).
    Removing tool_pid.o(i.PID_base_Set), (98 bytes).
    Removing rt_cmsis.o(.rev16_text), (4 bytes).
    Removing rt_cmsis.o(.revsh_text), (4 bytes).
    Removing rt_cmsis.o(.rrx_text), (6 bytes).
    Removing rt_cmsis.o(i.isrMessageGet), (42 bytes).
    Removing rt_cmsis.o(i.isrSemaphoreRelease), (40 bytes).
    Removing rt_cmsis.o(i.isrSignalSet), (36 bytes).
    Removing rt_cmsis.o(i.osKernelRunning), (36 bytes).
    Removing rt_cmsis.o(i.osKernelSysTick), (24 bytes).
    Removing rt_cmsis.o(i.osMailAlloc), (28 bytes).
    Removing rt_cmsis.o(i.osMailCAlloc), (48 bytes).
    Removing rt_cmsis.o(i.osMailCreate), (44 bytes).
    Removing rt_cmsis.o(i.osMailFree), (28 bytes).
    Removing rt_cmsis.o(i.osMailGet), (22 bytes).
    Removing rt_cmsis.o(i.osMailPut), (20 bytes).
    Removing rt_cmsis.o(i.osMessageCreate), (44 bytes).
    Removing rt_cmsis.o(i.osMessageGet), (24 bytes).
    Removing rt_cmsis.o(i.osMessagePut), (24 bytes).
    Removing rt_cmsis.o(i.osMutexCreate), (44 bytes).
    Removing rt_cmsis.o(i.osMutexDelete), (24 bytes).
    Removing rt_cmsis.o(i.osMutexRelease), (24 bytes).
    Removing rt_cmsis.o(i.osMutexWait), (24 bytes).
    Removing rt_cmsis.o(i.osPoolAlloc), (32 bytes).
    Removing rt_cmsis.o(i.osPoolCAlloc), (52 bytes).
    Removing rt_cmsis.o(i.osPoolCreate), (44 bytes).
    Removing rt_cmsis.o(i.osPoolFree), (32 bytes).
    Removing rt_cmsis.o(i.osSemaphoreCreate), (44 bytes).
    Removing rt_cmsis.o(i.osSemaphoreDelete), (24 bytes).
    Removing rt_cmsis.o(i.osSemaphoreRelease), (24 bytes).
    Removing rt_cmsis.o(i.osSemaphoreWait), (24 bytes).
    Removing rt_cmsis.o(i.osSignalClear), (24 bytes).
    Removing rt_cmsis.o(i.osSignalSet), (24 bytes).
    Removing rt_cmsis.o(i.osSignalWait), (24 bytes).
    Removing rt_cmsis.o(i.osThreadGetId), (24 bytes).
    Removing rt_cmsis.o(i.osThreadGetPriority), (24 bytes).
    Removing rt_cmsis.o(i.osThreadSetPriority), (24 bytes).
    Removing rt_cmsis.o(i.osThreadTerminate), (24 bytes).
    Removing rt_cmsis.o(i.osThreadYield), (24 bytes).
    Removing rt_cmsis.o(i.osTimerCall), (12 bytes).
    Removing rt_cmsis.o(i.osTimerCreate), (44 bytes).
    Removing rt_cmsis.o(i.osTimerDelete), (24 bytes).
    Removing rt_cmsis.o(i.osTimerStart), (24 bytes).
    Removing rt_cmsis.o(i.osTimerStop), (24 bytes).
    Removing rt_cmsis.o(i.osTimerThread), (44 bytes).
    Removing rt_cmsis.o(i.osWait), (4 bytes).
    Removing rt_cmsis.o(i.os_resume), (12 bytes).
    Removing rt_cmsis.o(i.os_suspend), (12 bytes).
    Removing rt_cmsis.o(i.rt_clr_box), (24 bytes).
    Removing rt_cmsis.o(i.rt_id2obj), (8 bytes).
    Removing rt_cmsis.o(i.rt_timer_remove), (60 bytes).
    Removing rt_cmsis.o(i.svcKernelRunning), (12 bytes).
    Removing rt_cmsis.o(i.svcKernelSysTick), (56 bytes).
    Removing rt_cmsis.o(i.svcMailCreate), (66 bytes).
    Removing rt_cmsis.o(i.svcMessageGet), (58 bytes).
    Removing rt_cmsis.o(i.svcMessagePut), (54 bytes).
    Removing rt_cmsis.o(i.svcMutexCreate), (28 bytes).
    Removing rt_cmsis.o(i.svcMutexDelete), (26 bytes).
    Removing rt_cmsis.o(i.svcMutexRelease), (34 bytes).
    Removing rt_cmsis.o(i.svcMutexWait), (58 bytes).
    Removing rt_cmsis.o(i.svcPoolCreate), (40 bytes).
    Removing rt_cmsis.o(i.svcSemaphoreCreate), (36 bytes).
    Removing rt_cmsis.o(i.svcSemaphoreDelete), (26 bytes).
    Removing rt_cmsis.o(i.svcSemaphoreRelease), (40 bytes).
    Removing rt_cmsis.o(i.svcSemaphoreWait), (50 bytes).
    Removing rt_cmsis.o(i.svcSignalClear), (36 bytes).
    Removing rt_cmsis.o(i.svcSignalSet), (36 bytes).
    Removing rt_cmsis.o(i.svcSignalWait), (84 bytes).
    Removing rt_cmsis.o(i.svcThreadGetPriority), (18 bytes).
    Removing rt_cmsis.o(i.svcThreadSetPriority), (46 bytes).
    Removing rt_cmsis.o(i.svcThreadYield), (10 bytes).
    Removing rt_cmsis.o(i.svcTimerCall), (24 bytes).
    Removing rt_cmsis.o(i.svcTimerCreate), (56 bytes).
    Removing rt_cmsis.o(i.svcTimerDelete), (40 bytes).
    Removing rt_cmsis.o(i.svcTimerStart), (100 bytes).
    Removing rt_cmsis.o(i.svcTimerStop), (36 bytes).
    Removing rt_cmsis.o(i.sysMailAlloc), (88 bytes).
    Removing rt_cmsis.o(i.sysMailFree), (96 bytes).
    Removing rt_cmsis.o(i.sysPoolAlloc), (10 bytes).
    Removing rt_cmsis.o(i.sysPoolFree), (20 bytes).
    Removing rt_cmsis.o(i.sysUserTimerUpdate), (48 bytes).
    Removing rt_cmsis.o(i.sysUserTimerWakeupTime), (20 bytes).
    Removing rt_task.o(i.rt_tsk_pass), (48 bytes).
    Removing rt_system.o(.emb_text), (0 bytes).
    Removing rt_system.o(i.os_tick_ovf), (16 bytes).
    Removing rt_system.o(i.os_tick_val), (20 bytes).
    Removing rt_system.o(i.rt_resume), (136 bytes).
    Removing rt_system.o(i.rt_suspend), (36 bytes).
    Removing rt_system.o(i.rt_tsk_lock), (80 bytes).
    Removing rt_system.o(i.rt_tsk_unlock), (80 bytes).
    Removing rt_event.o(i.isr_evt_set), (40 bytes).
    Removing rt_event.o(i.rt_evt_clr), (28 bytes).
    Removing rt_event.o(i.rt_evt_get), (12 bytes).
    Removing rt_event.o(i.rt_evt_set), (92 bytes).
    Removing rt_event.o(i.rt_evt_wait), (60 bytes).
    Removing rt_list.o(i.rt_get_same_rdy_prio), (36 bytes).
    Removing rt_mailbox.o(i.isr_mbx_receive), (86 bytes).
    Removing rt_mailbox.o(i.rt_mbx_send), (152 bytes).
    Removing rt_mailbox.o(i.rt_mbx_wait), (180 bytes).
    Removing rt_semaphore.o(i.isr_sem_send), (16 bytes).
    Removing rt_semaphore.o(i.rt_sem_delete), (92 bytes).
    Removing rt_semaphore.o(i.rt_sem_init), (12 bytes).
    Removing rt_semaphore.o(i.rt_sem_send), (42 bytes).
    Removing rt_semaphore.o(i.rt_sem_wait), (64 bytes).
    Removing rt_time.o(i.rt_itv_set), (24 bytes).
    Removing rt_time.o(i.rt_itv_wait), (40 bytes).
    Removing rt_time.o(i.rt_time_get), (12 bytes).
    Removing rt_mutex.o(i.rt_mut_delete), (176 bytes).
    Removing rt_mutex.o(i.rt_mut_init), (16 bytes).
    Removing rt_mutex.o(i.rt_mut_release), (216 bytes).
    Removing rt_mutex.o(i.rt_mut_wait), (120 bytes).
    Removing rt_membox.o(i._calloc_box), (30 bytes).
    Removing fadd.o(.text), (176 bytes).
    Removing fmul.o(.text), (100 bytes).
    Removing cfcmple.o(.text), (20 bytes).
    Removing cfrcmple.o(.text), (20 bytes).
    Removing fepilogue.o(.text), (110 bytes).
    Removing dadd.o(.text), (334 bytes).
    Removing dmul.o(.text), (228 bytes).
    Removing ddiv.o(.text), (222 bytes).
    Removing dfixul.o(.text), (48 bytes).
    Removing cdrcmple.o(.text), (48 bytes).
    Removing depilogue.o(.text), (186 bytes).

649 unused section(s) (total 24970 bytes) removed from the image.

==============================================================================

Image Symbol Table

    Local Symbols

    Symbol Name                              Value     Ov Type        Size  Object(Section)

    ../clib/microlib/division.c              0x00000000   Number         0  uidiv.o ABSOLUTE
    ../clib/microlib/division.c              0x00000000   Number         0  uldiv.o ABSOLUTE
    ../clib/microlib/init/entry.s            0x00000000   Number         0  entry10b.o ABSOLUTE
    ../clib/microlib/init/entry.s            0x00000000   Number         0  entry8b.o ABSOLUTE
    ../clib/microlib/init/entry.s            0x00000000   Number         0  entry10a.o ABSOLUTE
    ../clib/microlib/init/entry.s            0x00000000   Number         0  entry7a.o ABSOLUTE
    ../clib/microlib/init/entry.s            0x00000000   Number         0  entry5.o ABSOLUTE
    ../clib/microlib/init/entry.s            0x00000000   Number         0  entry8a.o ABSOLUTE
    ../clib/microlib/init/entry.s            0x00000000   Number         0  entry7b.o ABSOLUTE
    ../clib/microlib/init/entry.s            0x00000000   Number         0  entry.o ABSOLUTE
    ../clib/microlib/init/entry.s            0x00000000   Number         0  entry2.o ABSOLUTE
    ../clib/microlib/init/entry.s            0x00000000   Number         0  entry11b.o ABSOLUTE
    ../clib/microlib/init/entry.s            0x00000000   Number         0  entry11a.o ABSOLUTE
    ../clib/microlib/longlong.c              0x00000000   Number         0  llsshr.o ABSOLUTE
    ../clib/microlib/longlong.c              0x00000000   Number         0  llushr.o ABSOLUTE
    ../clib/microlib/longlong.c              0x00000000   Number         0  llshl.o ABSOLUTE
    ../clib/microlib/printf/printf.c         0x00000000   Number         0  printf3.o ABSOLUTE
    ../clib/microlib/printf/printf.c         0x00000000   Number         0  printf2.o ABSOLUTE
    ../clib/microlib/printf/printf.c         0x00000000   Number         0  printfa.o ABSOLUTE
    ../clib/microlib/printf/printf.c         0x00000000   Number         0  printf1.o ABSOLUTE
    ../clib/microlib/printf/printf.c         0x00000000   Number         0  printf8.o ABSOLUTE
    ../clib/microlib/printf/printf.c         0x00000000   Number         0  printf7.o ABSOLUTE
    ../clib/microlib/printf/printf.c         0x00000000   Number         0  printf6.o ABSOLUTE
    ../clib/microlib/printf/printf.c         0x00000000   Number         0  printf0.o ABSOLUTE
    ../clib/microlib/printf/printf.c         0x00000000   Number         0  printf4.o ABSOLUTE
    ../clib/microlib/printf/printf.c         0x00000000   Number         0  printfb.o ABSOLUTE
    ../clib/microlib/printf/printf.c         0x00000000   Number         0  printf5.o ABSOLUTE
    ../clib/microlib/printf/stubs.s          0x00000000   Number         0  stubs.o ABSOLUTE
    ../clib/microlib/stdio/streams.c         0x00000000   Number         0  stdout.o ABSOLUTE
    ../clib/microlib/stubs.s                 0x00000000   Number         0  iusefp.o ABSOLUTE
    ../fplib/microlib/fpadd.c                0x00000000   Number         0  dadd.o ABSOLUTE
    ../fplib/microlib/fpadd.c                0x00000000   Number         0  fadd.o ABSOLUTE
    ../fplib/microlib/fpdiv.c                0x00000000   Number         0  ddiv.o ABSOLUTE
    ../fplib/microlib/fpepilogue.c           0x00000000   Number         0  fepilogue.o ABSOLUTE
    ../fplib/microlib/fpepilogue.c           0x00000000   Number         0  depilogue.o ABSOLUTE
    ../fplib/microlib/fpfix.c                0x00000000   Number         0  dfixul.o ABSOLUTE
    ../fplib/microlib/fpmul.c                0x00000000   Number         0  dmul.o ABSOLUTE
    ../fplib/microlib/fpmul.c                0x00000000   Number         0  fmul.o ABSOLUTE
    ..\Bsp\bsp_can.c                         0x00000000   Number         0  bsp_can.o ABSOLUTE
    ..\Bsp\bsp_led.c                         0x00000000   Number         0  bsp_led.o ABSOLUTE
    ..\Bsp\bsp_usart.c                       0x00000000   Number         0  bsp_usart.o ABSOLUTE
    ..\Core\CMSIS\startup\startup_stm32f10x_hd.s 0x00000000   Number         0  startup_stm32f10x_hd.o ABSOLUTE
    ..\Core\CMSIS\system_stm32f10x.c         0x00000000   Number         0  system_stm32f10x.o ABSOLUTE
    ..\HAL_CM.c                              0x00000000   Number         0  hal_cm.o ABSOLUTE
    ..\RTX\Templates\RTX_Conf_CM.c           0x00000000   Number         0  rtx_conf_cm.o ABSOLUTE
    ..\Stdlib\FWlib\core_cm3.c               0x00000000   Number         0  core_cm3.o ABSOLUTE
    ..\Stdlib\FWlib\src\misc.c               0x00000000   Number         0  misc.o ABSOLUTE
    ..\Stdlib\FWlib\src\stm32f10x_adc.c      0x00000000   Number         0  stm32f10x_adc.o ABSOLUTE
    ..\Stdlib\FWlib\src\stm32f10x_bkp.c      0x00000000   Number         0  stm32f10x_bkp.o ABSOLUTE
    ..\Stdlib\FWlib\src\stm32f10x_can.c      0x00000000   Number         0  stm32f10x_can.o ABSOLUTE
    ..\Stdlib\FWlib\src\stm32f10x_cec.c      0x00000000   Number         0  stm32f10x_cec.o ABSOLUTE
    ..\Stdlib\FWlib\src\stm32f10x_crc.c      0x00000000   Number         0  stm32f10x_crc.o ABSOLUTE
    ..\Stdlib\FWlib\src\stm32f10x_dac.c      0x00000000   Number         0  stm32f10x_dac.o ABSOLUTE
    ..\Stdlib\FWlib\src\stm32f10x_dbgmcu.c   0x00000000   Number         0  stm32f10x_dbgmcu.o ABSOLUTE
    ..\Stdlib\FWlib\src\stm32f10x_dma.c      0x00000000   Number         0  stm32f10x_dma.o ABSOLUTE
    ..\Stdlib\FWlib\src\stm32f10x_exti.c     0x00000000   Number         0  stm32f10x_exti.o ABSOLUTE
    ..\Stdlib\FWlib\src\stm32f10x_flash.c    0x00000000   Number         0  stm32f10x_flash.o ABSOLUTE
    ..\Stdlib\FWlib\src\stm32f10x_fsmc.c     0x00000000   Number         0  stm32f10x_fsmc.o ABSOLUTE
    ..\Stdlib\FWlib\src\stm32f10x_gpio.c     0x00000000   Number         0  stm32f10x_gpio.o ABSOLUTE
    ..\Stdlib\FWlib\src\stm32f10x_i2c.c      0x00000000   Number         0  stm32f10x_i2c.o ABSOLUTE
    ..\Stdlib\FWlib\src\stm32f10x_iwdg.c     0x00000000   Number         0  stm32f10x_iwdg.o ABSOLUTE
    ..\Stdlib\FWlib\src\stm32f10x_pwr.c      0x00000000   Number         0  stm32f10x_pwr.o ABSOLUTE
    ..\Stdlib\FWlib\src\stm32f10x_rcc.c      0x00000000   Number         0  stm32f10x_rcc.o ABSOLUTE
    ..\Stdlib\FWlib\src\stm32f10x_rtc.c      0x00000000   Number         0  stm32f10x_rtc.o ABSOLUTE
    ..\Stdlib\FWlib\src\stm32f10x_sdio.c     0x00000000   Number         0  stm32f10x_sdio.o ABSOLUTE
    ..\Stdlib\FWlib\src\stm32f10x_spi.c      0x00000000   Number         0  stm32f10x_spi.o ABSOLUTE
    ..\Stdlib\FWlib\src\stm32f10x_tim.c      0x00000000   Number         0  stm32f10x_tim.o ABSOLUTE
    ..\Stdlib\FWlib\src\stm32f10x_usart.c    0x00000000   Number         0  stm32f10x_usart.o ABSOLUTE
    ..\Stdlib\FWlib\src\stm32f10x_wwdg.c     0x00000000   Number         0  stm32f10x_wwdg.o ABSOLUTE
    ..\Tool\Tool_PID.c                       0x00000000   Number         0  tool_pid.o ABSOLUTE
    ..\User\main.c                           0x00000000   Number         0  main.o ABSOLUTE
    ..\User\stm32f10x_it.c                   0x00000000   Number         0  stm32f10x_it.o ABSOLUTE
    ..\\Bsp\\bsp_can.c                       0x00000000   Number         0  bsp_can.o ABSOLUTE
    ..\\Bsp\\bsp_led.c                       0x00000000   Number         0  bsp_led.o ABSOLUTE
    ..\\Bsp\\bsp_usart.c                     0x00000000   Number         0  bsp_usart.o ABSOLUTE
    ..\\Core\\CMSIS\\system_stm32f10x.c      0x00000000   Number         0  system_stm32f10x.o ABSOLUTE
    ..\\Stdlib\\FWlib\\core_cm3.c            0x00000000   Number         0  core_cm3.o ABSOLUTE
    ..\\Stdlib\\FWlib\\src\\misc.c           0x00000000   Number         0  misc.o ABSOLUTE
    ..\\Stdlib\\FWlib\\src\\stm32f10x_adc.c  0x00000000   Number         0  stm32f10x_adc.o ABSOLUTE
    ..\\Stdlib\\FWlib\\src\\stm32f10x_bkp.c  0x00000000   Number         0  stm32f10x_bkp.o ABSOLUTE
    ..\\Stdlib\\FWlib\\src\\stm32f10x_can.c  0x00000000   Number         0  stm32f10x_can.o ABSOLUTE
    ..\\Stdlib\\FWlib\\src\\stm32f10x_cec.c  0x00000000   Number         0  stm32f10x_cec.o ABSOLUTE
    ..\\Stdlib\\FWlib\\src\\stm32f10x_crc.c  0x00000000   Number         0  stm32f10x_crc.o ABSOLUTE
    ..\\Stdlib\\FWlib\\src\\stm32f10x_dac.c  0x00000000   Number         0  stm32f10x_dac.o ABSOLUTE
    ..\\Stdlib\\FWlib\\src\\stm32f10x_dbgmcu.c 0x00000000   Number         0  stm32f10x_dbgmcu.o ABSOLUTE
    ..\\Stdlib\\FWlib\\src\\stm32f10x_dma.c  0x00000000   Number         0  stm32f10x_dma.o ABSOLUTE
    ..\\Stdlib\\FWlib\\src\\stm32f10x_exti.c 0x00000000   Number         0  stm32f10x_exti.o ABSOLUTE
    ..\\Stdlib\\FWlib\\src\\stm32f10x_flash.c 0x00000000   Number         0  stm32f10x_flash.o ABSOLUTE
    ..\\Stdlib\\FWlib\\src\\stm32f10x_fsmc.c 0x00000000   Number         0  stm32f10x_fsmc.o ABSOLUTE
    ..\\Stdlib\\FWlib\\src\\stm32f10x_gpio.c 0x00000000   Number         0  stm32f10x_gpio.o ABSOLUTE
    ..\\Stdlib\\FWlib\\src\\stm32f10x_i2c.c  0x00000000   Number         0  stm32f10x_i2c.o ABSOLUTE
    ..\\Stdlib\\FWlib\\src\\stm32f10x_iwdg.c 0x00000000   Number         0  stm32f10x_iwdg.o ABSOLUTE
    ..\\Stdlib\\FWlib\\src\\stm32f10x_pwr.c  0x00000000   Number         0  stm32f10x_pwr.o ABSOLUTE
    ..\\Stdlib\\FWlib\\src\\stm32f10x_rcc.c  0x00000000   Number         0  stm32f10x_rcc.o ABSOLUTE
    ..\\Stdlib\\FWlib\\src\\stm32f10x_rtc.c  0x00000000   Number         0  stm32f10x_rtc.o ABSOLUTE
    ..\\Stdlib\\FWlib\\src\\stm32f10x_sdio.c 0x00000000   Number         0  stm32f10x_sdio.o ABSOLUTE
    ..\\Stdlib\\FWlib\\src\\stm32f10x_spi.c  0x00000000   Number         0  stm32f10x_spi.o ABSOLUTE
    ..\\Stdlib\\FWlib\\src\\stm32f10x_tim.c  0x00000000   Number         0  stm32f10x_tim.o ABSOLUTE
    ..\\Stdlib\\FWlib\\src\\stm32f10x_usart.c 0x00000000   Number         0  stm32f10x_usart.o ABSOLUTE
    ..\\Stdlib\\FWlib\\src\\stm32f10x_wwdg.c 0x00000000   Number         0  stm32f10x_wwdg.o ABSOLUTE
    ..\\Tool\\Tool_PID.c                     0x00000000   Number         0  tool_pid.o ABSOLUTE
    ..\\User\\main.c                         0x00000000   Number         0  main.o ABSOLUTE
    ..\\User\\stm32f10x_it.c                 0x00000000   Number         0  stm32f10x_it.o ABSOLUTE
    ..\\rt_CMSIS.c                           0x00000000   Number         0  rt_cmsis.o ABSOLUTE
    ..\\rt_System.c                          0x00000000   Number         0  rt_system.o ABSOLUTE
    ..\rt_CMSIS.c                            0x00000000   Number         0  rt_cmsis.o ABSOLUTE
    ..\rt_Event.c                            0x00000000   Number         0  rt_event.o ABSOLUTE
    ..\rt_List.c                             0x00000000   Number         0  rt_list.o ABSOLUTE
    ..\rt_Mailbox.c                          0x00000000   Number         0  rt_mailbox.o ABSOLUTE
    ..\rt_MemBox.c                           0x00000000   Number         0  rt_membox.o ABSOLUTE
    ..\rt_Memory.c                           0x00000000   Number         0  rt_memory.o ABSOLUTE
    ..\rt_Mutex.c                            0x00000000   Number         0  rt_mutex.o ABSOLUTE
    ..\rt_Robin.c                            0x00000000   Number         0  rt_robin.o ABSOLUTE
    ..\rt_Semaphore.c                        0x00000000   Number         0  rt_semaphore.o ABSOLUTE
    ..\rt_System.c                           0x00000000   Number         0  rt_system.o ABSOLUTE
    ..\rt_Task.c                             0x00000000   Number         0  rt_task.o ABSOLUTE
    ..\rt_Time.c                             0x00000000   Number         0  rt_time.o ABSOLUTE
    HAL_CM3.c                                0x00000000   Number         0  hal_cm3.o ABSOLUTE
    HAL_CM3.c                                0x00000000   Number         0  hal_cm3.o ABSOLUTE
    SVC_Table.s                              0x00000000   Number         0  svc_table.o ABSOLUTE
    cdrcmple.s                               0x00000000   Number         0  cdrcmple.o ABSOLUTE
    cfcmple.s                                0x00000000   Number         0  cfcmple.o ABSOLUTE
    cfrcmple.s                               0x00000000   Number         0  cfrcmple.o ABSOLUTE
    dc.s                                     0x00000000   Number         0  dc.o ABSOLUTE
    handlers.s                               0x00000000   Number         0  handlers.o ABSOLUTE
    init.s                                   0x00000000   Number         0  init.o ABSOLUTE
    RESET                                    0x08000000   Section      304  startup_stm32f10x_hd.o(RESET)
    .ARM.Collect$$$$00000000                 0x08000130   Section        0  entry.o(.ARM.Collect$$$$00000000)
    .ARM.Collect$$$$00000001                 0x08000130   Section        4  entry2.o(.ARM.Collect$$$$00000001)
    .ARM.Collect$$$$00000004                 0x08000134   Section        4  entry5.o(.ARM.Collect$$$$00000004)
    .ARM.Collect$$$$00000008                 0x08000138   Section        0  entry7b.o(.ARM.Collect$$$$00000008)
    .ARM.Collect$$$$0000000A                 0x08000138   Section        0  entry8b.o(.ARM.Collect$$$$0000000A)
    .ARM.Collect$$$$0000000D                 0x08000138   Section        0  entry10a.o(.ARM.Collect$$$$0000000D)
    .ARM.Collect$$$$0000000F                 0x08000138   Section        0  entry11a.o(.ARM.Collect$$$$0000000F)
    .ARM.Collect$$$$000000FF                 0x08000138   Section        0  rtx_conf_cm.o(.ARM.Collect$$$$000000FF)
    .ARM.Collect$$$$00002712                 0x08000150   Section        4  entry2.o(.ARM.Collect$$$$00002712)
    __lit__00000000                          0x08000150   Data           4  entry2.o(.ARM.Collect$$$$00002712)
    .emb_text                                0x08000154   Section      304  hal_cm3.o(.emb_text)
    .text                                    0x08000284   Section       36  startup_stm32f10x_hd.o(.text)
    .text                                    0x080002a8   Section        0  uidiv.o(.text)
    .text                                    0x080002d4   Section       36  init.o(.text)
    SVC_TABLE                                0x080002f8   Section        4  svc_table.o(SVC_TABLE)
    i.BusFault_Handler                       0x080002fc   Section        0  stm32f10x_it.o(i.BusFault_Handler)
    i.CAN_Config                             0x08000300   Section        0  bsp_can.o(i.CAN_Config)
    i.CAN_DeInit                             0x08000314   Section        0  stm32f10x_can.o(i.CAN_DeInit)
    i.CAN_FilterInit                         0x0800034c   Section        0  stm32f10x_can.o(i.CAN_FilterInit)
    i.CAN_Filter_Config                      0x08000454   Section        0  bsp_can.o(i.CAN_Filter_Config)
    CAN_Filter_Config                        0x08000455   Thumb Code    62  bsp_can.o(i.CAN_Filter_Config)
    i.CAN_GPIO_Config                        0x08000498   Section        0  bsp_can.o(i.CAN_GPIO_Config)
    CAN_GPIO_Config                          0x08000499   Thumb Code    66  bsp_can.o(i.CAN_GPIO_Config)
    i.CAN_ITConfig                           0x080004e0   Section        0  stm32f10x_can.o(i.CAN_ITConfig)
    i.CAN_Init                               0x080004f2   Section        0  stm32f10x_can.o(i.CAN_Init)
    i.CAN_Mode_Config                        0x08000608   Section        0  bsp_can.o(i.CAN_Mode_Config)
    CAN_Mode_Config                          0x08000609   Thumb Code    90  bsp_can.o(i.CAN_Mode_Config)
    i.CAN_NVIC_Config                        0x08000668   Section        0  bsp_can.o(i.CAN_NVIC_Config)
    CAN_NVIC_Config                          0x08000669   Thumb Code    34  bsp_can.o(i.CAN_NVIC_Config)
    i.CAN_Receive                            0x0800068a   Section        0  stm32f10x_can.o(i.CAN_Receive)
    i.CAN_SetMsg                             0x0800077c   Section        0  bsp_can.o(i.CAN_SetMsg)
    i.CAN_StructInit                         0x080007c8   Section        0  stm32f10x_can.o(i.CAN_StructInit)
    i.CAN_Transmit                           0x080007e8   Section        0  stm32f10x_can.o(i.CAN_Transmit)
    i.CAN_TransmitStatus                     0x08000910   Section        0  stm32f10x_can.o(i.CAN_TransmitStatus)
    i.DebugMon_Handler                       0x080009b0   Section        0  stm32f10x_it.o(i.DebugMon_Handler)
    i.GPIO_Init                              0x080009b2   Section        0  stm32f10x_gpio.o(i.GPIO_Init)
    i.GPIO_PinRemapConfig                    0x08000ac8   Section        0  stm32f10x_gpio.o(i.GPIO_PinRemapConfig)
    i.GPIO_ResetBits                         0x08000b58   Section        0  stm32f10x_gpio.o(i.GPIO_ResetBits)
    i.GPIO_SetBits                           0x08000b5c   Section        0  stm32f10x_gpio.o(i.GPIO_SetBits)
    i.HardFault_Handler                      0x08000b60   Section        0  stm32f10x_it.o(i.HardFault_Handler)
    i.MemManage_Handler                      0x08000b64   Section        0  stm32f10x_it.o(i.MemManage_Handler)
    i.NMI_Handler                            0x08000b68   Section        0  stm32f10x_it.o(i.NMI_Handler)
    i.NVIC_Init                              0x08000b6c   Section        0  misc.o(i.NVIC_Init)
    i.NVIC_PriorityGroupConfig               0x08000bdc   Section        0  misc.o(i.NVIC_PriorityGroupConfig)
    i.RCC_APB1PeriphClockCmd                 0x08000bf0   Section        0  stm32f10x_rcc.o(i.RCC_APB1PeriphClockCmd)
    i.RCC_APB1PeriphResetCmd                 0x08000c10   Section        0  stm32f10x_rcc.o(i.RCC_APB1PeriphResetCmd)
    i.RCC_APB2PeriphClockCmd                 0x08000c30   Section        0  stm32f10x_rcc.o(i.RCC_APB2PeriphClockCmd)
    i.RCC_GetClocksFreq                      0x08000c50   Section        0  stm32f10x_rcc.o(i.RCC_GetClocksFreq)
    i.SetSysClock                            0x08000d24   Section        0  system_stm32f10x.o(i.SetSysClock)
    SetSysClock                              0x08000d25   Thumb Code     8  system_stm32f10x.o(i.SetSysClock)
    i.SetSysClockTo72                        0x08000d2c   Section        0  system_stm32f10x.o(i.SetSysClockTo72)
    SetSysClockTo72                          0x08000d2d   Thumb Code   214  system_stm32f10x.o(i.SetSysClockTo72)
    i.SystemInit                             0x08000e0c   Section        0  system_stm32f10x.o(i.SystemInit)
    i.USART1_IRQHandler                      0x08000e6c   Section        0  stm32f10x_it.o(i.USART1_IRQHandler)
    i.USART2_IRQHandler                      0x08000ebc   Section        0  stm32f10x_it.o(i.USART2_IRQHandler)
    i.USART_Cmd                              0x08000ee8   Section        0  stm32f10x_usart.o(i.USART_Cmd)
    i.USART_GetFlagStatus                    0x08000f00   Section        0  stm32f10x_usart.o(i.USART_GetFlagStatus)
    i.USART_GetITStatus                      0x08000f1a   Section        0  stm32f10x_usart.o(i.USART_GetITStatus)
    i.USART_ITConfig                         0x08000f6e   Section        0  stm32f10x_usart.o(i.USART_ITConfig)
    i.USART_Init                             0x08000fb8   Section        0  stm32f10x_usart.o(i.USART_Init)
    i.USART_ReceiveData                      0x08001090   Section        0  stm32f10x_usart.o(i.USART_ReceiveData)
    i.USART_SendData                         0x0800109a   Section        0  stm32f10x_usart.o(i.USART_SendData)
    i.USB_LP_CAN1_RX0_IRQHandler             0x080010a4   Section        0  stm32f10x_it.o(i.USB_LP_CAN1_RX0_IRQHandler)
    i.UsageFault_Handler                     0x080010bc   Section        0  stm32f10x_it.o(i.UsageFault_Handler)
    i.Usart1_Config                          0x080010c0   Section        0  bsp_usart.o(i.Usart1_Config)
    i.Usart1_NVIC_Config                     0x08001114   Section        0  bsp_usart.o(i.Usart1_NVIC_Config)
    Usart1_NVIC_Config                       0x08001115   Thumb Code    34  bsp_usart.o(i.Usart1_NVIC_Config)
    i.__0printf$1                            0x08001138   Section        0  printf1.o(i.__0printf$1)
    i.__scatterload_copy                     0x08001158   Section       14  handlers.o(i.__scatterload_copy)
    i.__scatterload_null                     0x08001166   Section        2  handlers.o(i.__scatterload_null)
    i.__scatterload_zeroinit                 0x08001168   Section       14  handlers.o(i.__scatterload_zeroinit)
    i._init_box                              0x08001176   Section        0  rt_membox.o(i._init_box)
    i._printf_core                           0x080011bc   Section        0  printf1.o(i._printf_core)
    _printf_core                             0x080011bd   Thumb Code   336  printf1.o(i._printf_core)
    i.dbg_init                               0x08001310   Section        0  hal_cm.o(i.dbg_init)
    i.dbg_task_notify                        0x08001340   Section        0  hal_cm.o(i.dbg_task_notify)
    i.dbg_task_switch                        0x08001360   Section        0  hal_cm.o(i.dbg_task_switch)
    i.fputc                                  0x08001370   Section        0  bsp_usart.o(i.fputc)
    i.isrMessagePut                          0x08001394   Section        0  rt_cmsis.o(i.isrMessagePut)
    i.isr_mbx_send                           0x080013c0   Section        0  rt_mailbox.o(i.isr_mbx_send)
    i.main                                   0x080013d0   Section        0  main.o(i.main)
    i.osDelay                                0x08001408   Section        0  rt_cmsis.o(i.osDelay)
    i.osKernelInitialize                     0x08001420   Section        0  rt_cmsis.o(i.osKernelInitialize)
    i.osKernelStart                          0x08001444   Section        0  rt_cmsis.o(i.osKernelStart)
    i.osThreadCreate                         0x080014b0   Section        0  rt_cmsis.o(i.osThreadCreate)
    i.osThreadExit                           0x080014dc   Section        0  rt_cmsis.o(i.osThreadExit)
    i.os_error                               0x080014f4   Section        0  rtx_conf_cm.o(i.os_error)
    i.os_idle_demon                          0x08001516   Section        0  rtx_conf_cm.o(i.os_idle_demon)
    i.os_tick_init                           0x0800151c   Section        0  rt_system.o(i.os_tick_init)
    i.os_tick_irqack                         0x08001544   Section        0  rt_system.o(i.os_tick_irqack)
    i.rt_alloc_box                           0x08001546   Section        0  rt_membox.o(i.rt_alloc_box)
    i.rt_alloc_mem                           0x08001560   Section        0  rt_memory.o(i.rt_alloc_mem)
    i.rt_block                               0x080015a0   Section        0  rt_task.o(i.rt_block)
    i.rt_chk_robin                           0x080015d8   Section        0  rt_robin.o(i.rt_chk_robin)
    i.rt_dec_dly                             0x08001620   Section        0  rt_list.o(i.rt_dec_dly)
    i.rt_dispatch                            0x08001690   Section        0  rt_task.o(i.rt_dispatch)
    i.rt_dly_wait                            0x080016d4   Section        0  rt_time.o(i.rt_dly_wait)
    i.rt_evt_psh                             0x080016dc   Section        0  rt_event.o(i.rt_evt_psh)
    i.rt_free_box                            0x0800172c   Section        0  rt_membox.o(i.rt_free_box)
    i.rt_free_mem                            0x08001758   Section        0  rt_memory.o(i.rt_free_mem)
    i.rt_get_first                           0x08001780   Section        0  rt_list.o(i.rt_get_first)
    i.rt_init_context                        0x080017a8   Section        0  rt_task.o(i.rt_init_context)
    rt_init_context                          0x080017a9   Thumb Code    66  rt_task.o(i.rt_init_context)
    i.rt_init_mem                            0x080017f0   Section        0  rt_memory.o(i.rt_init_mem)
    i.rt_init_robin                          0x0800180c   Section        0  rt_robin.o(i.rt_init_robin)
    i.rt_init_stack                          0x08001824   Section        0  hal_cm.o(i.rt_init_stack)
    i.rt_mbx_check                           0x080018a4   Section        0  rt_mailbox.o(i.rt_mbx_check)
    i.rt_mbx_init                            0x080018ac   Section        0  rt_mailbox.o(i.rt_mbx_init)
    i.rt_mbx_psh                             0x080018c8   Section        0  rt_mailbox.o(i.rt_mbx_psh)
    i.rt_ms2tick                             0x080019b8   Section        0  rt_cmsis.o(i.rt_ms2tick)
    rt_ms2tick                               0x080019b9   Thumb Code    58  rt_cmsis.o(i.rt_ms2tick)
    i.rt_pop_req                             0x080019fc   Section        0  rt_system.o(i.rt_pop_req)
    i.rt_psh_req                             0x08001a78   Section        0  rt_system.o(i.rt_psh_req)
    i.rt_psq_enq                             0x08001a98   Section        0  rt_list.o(i.rt_psq_enq)
    i.rt_put_dly                             0x08001af4   Section        0  rt_list.o(i.rt_put_dly)
    i.rt_put_prio                            0x08001b3c   Section        0  rt_list.o(i.rt_put_prio)
    i.rt_put_rdy_first                       0x08001b74   Section        0  rt_list.o(i.rt_put_rdy_first)
    i.rt_resort_prio                         0x08001b88   Section        0  rt_list.o(i.rt_resort_prio)
    i.rt_ret_val                             0x08001bbc   Section        0  hal_cm.o(i.rt_ret_val)
    i.rt_ret_val2                            0x08001bc2   Section        0  hal_cm.o(i.rt_ret_val2)
    i.rt_rmv_dly                             0x08001bca   Section        0  rt_list.o(i.rt_rmv_dly)
    i.rt_rmv_list                            0x08001bf4   Section        0  rt_list.o(i.rt_rmv_list)
    i.rt_sem_psh                             0x08001c24   Section        0  rt_semaphore.o(i.rt_sem_psh)
    i.rt_stk_check                           0x08001c58   Section        0  rt_system.o(i.rt_stk_check)
    i.rt_switch_req                          0x08001c7c   Section        0  rt_task.o(i.rt_switch_req)
    i.rt_sys_init                            0x08001ca4   Section        0  rt_task.o(i.rt_sys_init)
    i.rt_sys_start                           0x08001d70   Section        0  rt_task.o(i.rt_sys_start)
    i.rt_systick                             0x08001de8   Section        0  rt_system.o(i.rt_systick)
    i.rt_tid2ptcb                            0x08001e28   Section        0  rt_cmsis.o(i.rt_tid2ptcb)
    rt_tid2ptcb                              0x08001e29   Thumb Code    18  rt_cmsis.o(i.rt_tid2ptcb)
    i.rt_timer_insert                        0x08001e3c   Section        0  rt_cmsis.o(i.rt_timer_insert)
    rt_timer_insert                          0x08001e3d   Thumb Code    48  rt_cmsis.o(i.rt_timer_insert)
    i.rt_tsk_create                          0x08001e70   Section        0  rt_task.o(i.rt_tsk_create)
    i.rt_tsk_delete                          0x08001ef8   Section        0  rt_task.o(i.rt_tsk_delete)
    i.rt_tsk_prio                            0x08002074   Section        0  rt_task.o(i.rt_tsk_prio)
    i.rt_tsk_self                            0x080020f0   Section        0  rt_task.o(i.rt_tsk_self)
    i.svcDelay                               0x08002100   Section        0  rt_cmsis.o(i.svcDelay)
    i.svcKernelInitialize                    0x08002114   Section        0  rt_cmsis.o(i.svcKernelInitialize)
    i.svcKernelStart                         0x08002184   Section        0  rt_cmsis.o(i.svcKernelStart)
    i.svcMessageCreate                       0x080021cc   Section        0  rt_cmsis.o(i.svcMessageCreate)
    i.svcThreadCreate                        0x080021f0   Section        0  rt_cmsis.o(i.svcThreadCreate)
    i.svcThreadGetId                         0x0800225c   Section        0  rt_cmsis.o(i.svcThreadGetId)
    i.svcThreadTerminate                     0x08002278   Section        0  rt_cmsis.o(i.svcThreadTerminate)
    i.sysTimerTick                           0x080022b0   Section        0  rt_cmsis.o(i.sysTimerTick)
    i.thread7                                0x0800230c   Section        0  main.o(i.thread7)
    i.usart1_GPIO_Config                     0x080023e4   Section        0  bsp_usart.o(i.usart1_GPIO_Config)
    usart1_GPIO_Config                       0x080023e5   Thumb Code    62  bsp_usart.o(i.usart1_GPIO_Config)
    .constdata                               0x08002428   Section       16  main.o(.constdata)
    .constdata                               0x08002438   Section      104  rtx_conf_cm.o(.constdata)
    __tagsym$$used                           0x08002454   Number         0  rtx_conf_cm.o(.constdata)
    __tagsym$$used                           0x08002458   Number         0  rtx_conf_cm.o(.constdata)
    __tagsym$$used                           0x0800245c   Number         0  rtx_conf_cm.o(.constdata)
    __tagsym$$used                           0x08002460   Number         0  rtx_conf_cm.o(.constdata)
    .data                                    0x20000000   Section       12  main.o(.data)
    .data                                    0x2000000c   Section       16  rtx_conf_cm.o(.data)
    .data                                    0x2000001c   Section       20  stm32f10x_rcc.o(.data)
    APBAHBPrescTable                         0x2000001c   Data          16  stm32f10x_rcc.o(.data)
    ADCPrescTable                            0x2000002c   Data           4  stm32f10x_rcc.o(.data)
    .data                                    0x20000030   Section        8  rt_cmsis.o(.data)
    .data                                    0x20000038   Section        8  rt_task.o(.data)
    .data                                    0x20000040   Section        8  rt_system.o(.data)
    os_lock                                  0x20000040   Data           1  rt_system.o(.data)
    os_psh_flag                              0x20000041   Data           1  rt_system.o(.data)
    pend_flags                               0x20000042   Data           1  rt_system.o(.data)
    .data                                    0x20000048   Section        4  rt_time.o(.data)
    .data                                    0x2000004c   Section        1  hal_cm.o(.data)
    .data                                    0x20000050   Section        8  rt_robin.o(.data)
    .data                                    0x20000058   Section        4  stdout.o(.data)
    .bss                                     0x2000005c   Section      240  main.o(.bss)
    .bss                                     0x20000150   Section     4756  rtx_conf_cm.o(.bss)
    .bss                                     0x200013e4   Section       52  rt_task.o(.bss)
    .bss                                     0x20001418   Section       48  rt_list.o(.bss)
    STACK                                    0x20001448   Section     1024  startup_stm32f10x_hd.o(STACK)

    Global Symbols

    Symbol Name                              Value     Ov Type        Size  Object(Section)

    BuildAttributes$$THM_ISAv4$P$D$K$B$S$PE$A:L22UL41UL21$X:L11$S22US41US21$IEEE1$IW$USESV6$~STKCKD$USESV7$~SHL$OTIME$ROPI$EBA8$MICROLIB$REQ8$PRES8$EABIv2 0x00000000   Number         0  anon$$obj.o ABSOLUTE
    __ARM_use_no_argv                        0x00000000   Number         0  main.o ABSOLUTE
    _printf_a                                0x00000000   Number         0  stubs.o ABSOLUTE
    _printf_c                                0x00000000   Number         0  stubs.o ABSOLUTE
    _printf_charcount                        0x00000000   Number         0  stubs.o ABSOLUTE
    _printf_d                                0x00000000   Number         0  stubs.o ABSOLUTE
    _printf_e                                0x00000000   Number         0  stubs.o ABSOLUTE
    _printf_f                                0x00000000   Number         0  stubs.o ABSOLUTE
    _printf_flags                            0x00000000   Number         0  stubs.o ABSOLUTE
    _printf_fp_dec                           0x00000000   Number         0  stubs.o ABSOLUTE
    _printf_fp_hex                           0x00000000   Number         0  stubs.o ABSOLUTE
    _printf_g                                0x00000000   Number         0  stubs.o ABSOLUTE
    _printf_i                                0x00000000   Number         0  stubs.o ABSOLUTE
    _printf_int_dec                          0x00000000   Number         0  stubs.o ABSOLUTE
    _printf_l                                0x00000000   Number         0  stubs.o ABSOLUTE
    _printf_lc                               0x00000000   Number         0  stubs.o ABSOLUTE
    _printf_ll                               0x00000000   Number         0  stubs.o ABSOLUTE
    _printf_lld                              0x00000000   Number         0  stubs.o ABSOLUTE
    _printf_lli                              0x00000000   Number         0  stubs.o ABSOLUTE
    _printf_llo                              0x00000000   Number         0  stubs.o ABSOLUTE
    _printf_llu                              0x00000000   Number         0  stubs.o ABSOLUTE
    _printf_llx                              0x00000000   Number         0  stubs.o ABSOLUTE
    _printf_longlong_dec                     0x00000000   Number         0  stubs.o ABSOLUTE
    _printf_longlong_hex                     0x00000000   Number         0  stubs.o ABSOLUTE
    _printf_longlong_oct                     0x00000000   Number         0  stubs.o ABSOLUTE
    _printf_ls                               0x00000000   Number         0  stubs.o ABSOLUTE
    _printf_mbtowc                           0x00000000   Number         0  stubs.o ABSOLUTE
    _printf_n                                0x00000000   Number         0  stubs.o ABSOLUTE
    _printf_o                                0x00000000   Number         0  stubs.o ABSOLUTE
    _printf_p                                0x00000000   Number         0  stubs.o ABSOLUTE
    _printf_percent                          0x00000000   Number         0  stubs.o ABSOLUTE
    _printf_pre_padding                      0x00000000   Number         0  stubs.o ABSOLUTE
    _printf_return_value                     0x00000000   Number         0  stubs.o ABSOLUTE
    _printf_s                                0x00000000   Number         0  stubs.o ABSOLUTE
    _printf_sizespec                         0x00000000   Number         0  stubs.o ABSOLUTE
    _printf_str                              0x00000000   Number         0  stubs.o ABSOLUTE
    _printf_truncate_signed                  0x00000000   Number         0  stubs.o ABSOLUTE
    _printf_truncate_unsigned                0x00000000   Number         0  stubs.o ABSOLUTE
    _printf_u                                0x00000000   Number         0  stubs.o ABSOLUTE
    _printf_wc                               0x00000000   Number         0  stubs.o ABSOLUTE
    _printf_wctomb                           0x00000000   Number         0  stubs.o ABSOLUTE
    _printf_widthprec                        0x00000000   Number         0  stubs.o ABSOLUTE
    _printf_x                                0x00000000   Number         0  stubs.o ABSOLUTE
    __cpp_initialize__aeabi_                  - Undefined Weak Reference
    __cxa_finalize                            - Undefined Weak Reference
    __decompress                              - Undefined Weak Reference
    _clock_init                               - Undefined Weak Reference
    _microlib_exit                            - Undefined Weak Reference
    __Vectors_Size                           0x00000130   Number         0  startup_stm32f10x_hd.o ABSOLUTE
    __RL_RTX_VER                             0x00000482   Number         0  rt_system.o ABSOLUTE
    __Vectors                                0x08000000   Data           4  startup_stm32f10x_hd.o(RESET)
    __Vectors_End                            0x08000130   Data           0  startup_stm32f10x_hd.o(RESET)
    __main                                   0x08000131   Thumb Code     0  entry.o(.ARM.Collect$$$$00000000)
    _main_stk                                0x08000131   Thumb Code     0  entry2.o(.ARM.Collect$$$$00000001)
    _main_scatterload                        0x08000135   Thumb Code     0  entry5.o(.ARM.Collect$$$$00000004)
    __main_after_scatterload                 0x08000139   Thumb Code     0  entry5.o(.ARM.Collect$$$$00000004)
    __rt_final_cpp                           0x08000139   Thumb Code     0  entry10a.o(.ARM.Collect$$$$0000000D)
    __rt_final_exit                          0x08000139   Thumb Code     0  entry11a.o(.ARM.Collect$$$$0000000F)
    _main_clock                              0x08000139   Thumb Code     0  entry7b.o(.ARM.Collect$$$$00000008)
    _main_cpp_init                           0x08000139   Thumb Code     0  entry8b.o(.ARM.Collect$$$$0000000A)
    _main_init                               0x08000139   Thumb Code    18  rtx_conf_cm.o(.ARM.Collect$$$$000000FF)
    rt_set_PSP                               0x08000155   Thumb Code     6  hal_cm3.o(.emb_text)
    rt_get_PSP                               0x0800015b   Thumb Code     6  hal_cm3.o(.emb_text)
    os_set_env                               0x08000161   Thumb Code    24  hal_cm3.o(.emb_text)
    _alloc_box                               0x0800017d   Thumb Code    28  hal_cm3.o(.emb_text)
    _free_box                                0x0800019d   Thumb Code    28  hal_cm3.o(.emb_text)
    SVC_Handler                              0x080001bd   Thumb Code   108  hal_cm3.o(.emb_text)
    PendSV_Handler                           0x08000235   Thumb Code    56  hal_cm3.o(.emb_text)
    SysTick_Handler                          0x08000271   Thumb Code     8  hal_cm3.o(.emb_text)
    OS_Tick_Handler                          0x08000279   Thumb Code    12  hal_cm3.o(.emb_text)
    Reset_Handler                            0x08000285   Thumb Code     8  startup_stm32f10x_hd.o(.text)
    ADC1_2_IRQHandler                        0x0800029f   Thumb Code     0  startup_stm32f10x_hd.o(.text)
    ADC3_IRQHandler                          0x0800029f   Thumb Code     0  startup_stm32f10x_hd.o(.text)
    CAN1_RX1_IRQHandler                      0x0800029f   Thumb Code     0  startup_stm32f10x_hd.o(.text)
    CAN1_SCE_IRQHandler                      0x0800029f   Thumb Code     0  startup_stm32f10x_hd.o(.text)
    DMA1_Channel1_IRQHandler                 0x0800029f   Thumb Code     0  startup_stm32f10x_hd.o(.text)
    DMA1_Channel2_IRQHandler                 0x0800029f   Thumb Code     0  startup_stm32f10x_hd.o(.text)
    DMA1_Channel3_IRQHandler                 0x0800029f   Thumb Code     0  startup_stm32f10x_hd.o(.text)
    DMA1_Channel4_IRQHandler                 0x0800029f   Thumb Code     0  startup_stm32f10x_hd.o(.text)
    DMA1_Channel5_IRQHandler                 0x0800029f   Thumb Code     0  startup_stm32f10x_hd.o(.text)
    DMA1_Channel6_IRQHandler                 0x0800029f   Thumb Code     0  startup_stm32f10x_hd.o(.text)
    DMA1_Channel7_IRQHandler                 0x0800029f   Thumb Code     0  startup_stm32f10x_hd.o(.text)
    DMA2_Channel1_IRQHandler                 0x0800029f   Thumb Code     0  startup_stm32f10x_hd.o(.text)
    DMA2_Channel2_IRQHandler                 0x0800029f   Thumb Code     0  startup_stm32f10x_hd.o(.text)
    DMA2_Channel3_IRQHandler                 0x0800029f   Thumb Code     0  startup_stm32f10x_hd.o(.text)
    DMA2_Channel4_5_IRQHandler               0x0800029f   Thumb Code     0  startup_stm32f10x_hd.o(.text)
    EXTI0_IRQHandler                         0x0800029f   Thumb Code     0  startup_stm32f10x_hd.o(.text)
    EXTI15_10_IRQHandler                     0x0800029f   Thumb Code     0  startup_stm32f10x_hd.o(.text)
    EXTI1_IRQHandler                         0x0800029f   Thumb Code     0  startup_stm32f10x_hd.o(.text)
    EXTI2_IRQHandler                         0x0800029f   Thumb Code     0  startup_stm32f10x_hd.o(.text)
    EXTI3_IRQHandler                         0x0800029f   Thumb Code     0  startup_stm32f10x_hd.o(.text)
    EXTI4_IRQHandler                         0x0800029f   Thumb Code     0  startup_stm32f10x_hd.o(.text)
    EXTI9_5_IRQHandler                       0x0800029f   Thumb Code     0  startup_stm32f10x_hd.o(.text)
    FLASH_IRQHandler                         0x0800029f   Thumb Code     0  startup_stm32f10x_hd.o(.text)
    FSMC_IRQHandler                          0x0800029f   Thumb Code     0  startup_stm32f10x_hd.o(.text)
    I2C1_ER_IRQHandler                       0x0800029f   Thumb Code     0  startup_stm32f10x_hd.o(.text)
    I2C1_EV_IRQHandler                       0x0800029f   Thumb Code     0  startup_stm32f10x_hd.o(.text)
    I2C2_ER_IRQHandler                       0x0800029f   Thumb Code     0  startup_stm32f10x_hd.o(.text)
    I2C2_EV_IRQHandler                       0x0800029f   Thumb Code     0  startup_stm32f10x_hd.o(.text)
    PVD_IRQHandler                           0x0800029f   Thumb Code     0  startup_stm32f10x_hd.o(.text)
    RCC_IRQHandler                           0x0800029f   Thumb Code     0  startup_stm32f10x_hd.o(.text)
    RTCAlarm_IRQHandler                      0x0800029f   Thumb Code     0  startup_stm32f10x_hd.o(.text)
    RTC_IRQHandler                           0x0800029f   Thumb Code     0  startup_stm32f10x_hd.o(.text)
    SDIO_IRQHandler                          0x0800029f   Thumb Code     0  startup_stm32f10x_hd.o(.text)
    SPI1_IRQHandler                          0x0800029f   Thumb Code     0  startup_stm32f10x_hd.o(.text)
    SPI2_IRQHandler                          0x0800029f   Thumb Code     0  startup_stm32f10x_hd.o(.text)
    SPI3_IRQHandler                          0x0800029f   Thumb Code     0  startup_stm32f10x_hd.o(.text)
    TAMPER_IRQHandler                        0x0800029f   Thumb Code     0  startup_stm32f10x_hd.o(.text)
    TIM1_BRK_IRQHandler                      0x0800029f   Thumb Code     0  startup_stm32f10x_hd.o(.text)
    TIM1_CC_IRQHandler                       0x0800029f   Thumb Code     0  startup_stm32f10x_hd.o(.text)
    TIM1_TRG_COM_IRQHandler                  0x0800029f   Thumb Code     0  startup_stm32f10x_hd.o(.text)
    TIM1_UP_IRQHandler                       0x0800029f   Thumb Code     0  startup_stm32f10x_hd.o(.text)
    TIM2_IRQHandler                          0x0800029f   Thumb Code     0  startup_stm32f10x_hd.o(.text)
    TIM3_IRQHandler                          0x0800029f   Thumb Code     0  startup_stm32f10x_hd.o(.text)
    TIM4_IRQHandler                          0x0800029f   Thumb Code     0  startup_stm32f10x_hd.o(.text)
    TIM5_IRQHandler                          0x0800029f   Thumb Code     0  startup_stm32f10x_hd.o(.text)
    TIM6_IRQHandler                          0x0800029f   Thumb Code     0  startup_stm32f10x_hd.o(.text)
    TIM7_IRQHandler                          0x0800029f   Thumb Code     0  startup_stm32f10x_hd.o(.text)
    TIM8_BRK_IRQHandler                      0x0800029f   Thumb Code     0  startup_stm32f10x_hd.o(.text)
    TIM8_CC_IRQHandler                       0x0800029f   Thumb Code     0  startup_stm32f10x_hd.o(.text)
    TIM8_TRG_COM_IRQHandler                  0x0800029f   Thumb Code     0  startup_stm32f10x_hd.o(.text)
    TIM8_UP_IRQHandler                       0x0800029f   Thumb Code     0  startup_stm32f10x_hd.o(.text)
    UART4_IRQHandler                         0x0800029f   Thumb Code     0  startup_stm32f10x_hd.o(.text)
    UART5_IRQHandler                         0x0800029f   Thumb Code     0  startup_stm32f10x_hd.o(.text)
    USART3_IRQHandler                        0x0800029f   Thumb Code     0  startup_stm32f10x_hd.o(.text)
    USBWakeUp_IRQHandler                     0x0800029f   Thumb Code     0  startup_stm32f10x_hd.o(.text)
    USB_HP_CAN1_TX_IRQHandler                0x0800029f   Thumb Code     0  startup_stm32f10x_hd.o(.text)
    WWDG_IRQHandler                          0x0800029f   Thumb Code     0  startup_stm32f10x_hd.o(.text)
    __aeabi_uidiv                            0x080002a9   Thumb Code     0  uidiv.o(.text)
    __aeabi_uidivmod                         0x080002a9   Thumb Code    44  uidiv.o(.text)
    __scatterload                            0x080002d5   Thumb Code    28  init.o(.text)
    __scatterload_rt2                        0x080002d5   Thumb Code     0  init.o(.text)
    SVC_Count                                0x080002f8   Data           4  svc_table.o(SVC_TABLE)
    BusFault_Handler                         0x080002fd   Thumb Code     4  stm32f10x_it.o(i.BusFault_Handler)
    SVC_Table                                0x080002fc   Data           0  svc_table.o(SVC_TABLE)
    CAN_Config                               0x08000301   Thumb Code    20  bsp_can.o(i.CAN_Config)
    CAN_DeInit                               0x08000315   Thumb Code    50  stm32f10x_can.o(i.CAN_DeInit)
    CAN_FilterInit                           0x0800034d   Thumb Code   258  stm32f10x_can.o(i.CAN_FilterInit)
    CAN_ITConfig                             0x080004e1   Thumb Code    18  stm32f10x_can.o(i.CAN_ITConfig)
    CAN_Init                                 0x080004f3   Thumb Code   276  stm32f10x_can.o(i.CAN_Init)
    CAN_Receive                              0x0800068b   Thumb Code   240  stm32f10x_can.o(i.CAN_Receive)
    CAN_SetMsg                               0x0800077d   Thumb Code    70  bsp_can.o(i.CAN_SetMsg)
    CAN_StructInit                           0x080007c9   Thumb Code    32  stm32f10x_can.o(i.CAN_StructInit)
    CAN_Transmit                             0x080007e9   Thumb Code   294  stm32f10x_can.o(i.CAN_Transmit)
    CAN_TransmitStatus                       0x08000911   Thumb Code   138  stm32f10x_can.o(i.CAN_TransmitStatus)
    DebugMon_Handler                         0x080009b1   Thumb Code     2  stm32f10x_it.o(i.DebugMon_Handler)
    GPIO_Init                                0x080009b3   Thumb Code   278  stm32f10x_gpio.o(i.GPIO_Init)
    GPIO_PinRemapConfig                      0x08000ac9   Thumb Code   138  stm32f10x_gpio.o(i.GPIO_PinRemapConfig)
    GPIO_ResetBits                           0x08000b59   Thumb Code     4  stm32f10x_gpio.o(i.GPIO_ResetBits)
    GPIO_SetBits                             0x08000b5d   Thumb Code     4  stm32f10x_gpio.o(i.GPIO_SetBits)
    HardFault_Handler                        0x08000b61   Thumb Code     4  stm32f10x_it.o(i.HardFault_Handler)
    MemManage_Handler                        0x08000b65   Thumb Code     4  stm32f10x_it.o(i.MemManage_Handler)
    NMI_Handler                              0x08000b69   Thumb Code     2  stm32f10x_it.o(i.NMI_Handler)
    NVIC_Init                                0x08000b6d   Thumb Code   100  misc.o(i.NVIC_Init)
    NVIC_PriorityGroupConfig                 0x08000bdd   Thumb Code    10  misc.o(i.NVIC_PriorityGroupConfig)
    RCC_APB1PeriphClockCmd                   0x08000bf1   Thumb Code    26  stm32f10x_rcc.o(i.RCC_APB1PeriphClockCmd)
    RCC_APB1PeriphResetCmd                   0x08000c11   Thumb Code    26  stm32f10x_rcc.o(i.RCC_APB1PeriphResetCmd)
    RCC_APB2PeriphClockCmd                   0x08000c31   Thumb Code    26  stm32f10x_rcc.o(i.RCC_APB2PeriphClockCmd)
    RCC_GetClocksFreq                        0x08000c51   Thumb Code   192  stm32f10x_rcc.o(i.RCC_GetClocksFreq)
    SystemInit                               0x08000e0d   Thumb Code    78  system_stm32f10x.o(i.SystemInit)
    USART1_IRQHandler                        0x08000e6d   Thumb Code    66  stm32f10x_it.o(i.USART1_IRQHandler)
    USART2_IRQHandler                        0x08000ebd   Thumb Code    40  stm32f10x_it.o(i.USART2_IRQHandler)
    USART_Cmd                                0x08000ee9   Thumb Code    24  stm32f10x_usart.o(i.USART_Cmd)
    USART_GetFlagStatus                      0x08000f01   Thumb Code    26  stm32f10x_usart.o(i.USART_GetFlagStatus)
    USART_GetITStatus                        0x08000f1b   Thumb Code    84  stm32f10x_usart.o(i.USART_GetITStatus)
    USART_ITConfig                           0x08000f6f   Thumb Code    74  stm32f10x_usart.o(i.USART_ITConfig)
    USART_Init                               0x08000fb9   Thumb Code   210  stm32f10x_usart.o(i.USART_Init)
    USART_ReceiveData                        0x08001091   Thumb Code    10  stm32f10x_usart.o(i.USART_ReceiveData)
    USART_SendData                           0x0800109b   Thumb Code     8  stm32f10x_usart.o(i.USART_SendData)
    USB_LP_CAN1_RX0_IRQHandler               0x080010a5   Thumb Code    14  stm32f10x_it.o(i.USB_LP_CAN1_RX0_IRQHandler)
    UsageFault_Handler                       0x080010bd   Thumb Code     4  stm32f10x_it.o(i.UsageFault_Handler)
    Usart1_Config                            0x080010c1   Thumb Code    80  bsp_usart.o(i.Usart1_Config)
    __0printf$1                              0x08001139   Thumb Code    22  printf1.o(i.__0printf$1)
    __1printf$1                              0x08001139   Thumb Code     0  printf1.o(i.__0printf$1)
    __2printf                                0x08001139   Thumb Code     0  printf1.o(i.__0printf$1)
    __scatterload_copy                       0x08001159   Thumb Code    14  handlers.o(i.__scatterload_copy)
    __scatterload_null                       0x08001167   Thumb Code     2  handlers.o(i.__scatterload_null)
    __scatterload_zeroinit                   0x08001169   Thumb Code    14  handlers.o(i.__scatterload_zeroinit)
    _init_box                                0x08001177   Thumb Code    70  rt_membox.o(i._init_box)
    dbg_init                                 0x08001311   Thumb Code    34  hal_cm.o(i.dbg_init)
    dbg_task_notify                          0x08001341   Thumb Code    32  hal_cm.o(i.dbg_task_notify)
    dbg_task_switch                          0x08001361   Thumb Code    16  hal_cm.o(i.dbg_task_switch)
    fputc                                    0x08001371   Thumb Code    32  bsp_usart.o(i.fputc)
    isrMessagePut                            0x08001395   Thumb Code    44  rt_cmsis.o(i.isrMessagePut)
    isr_mbx_send                             0x080013c1   Thumb Code    14  rt_mailbox.o(i.isr_mbx_send)
    main                                     0x080013d1   Thumb Code    46  main.o(i.main)
    osDelay                                  0x08001409   Thumb Code    18  rt_cmsis.o(i.osDelay)
    osKernelInitialize                       0x08001421   Thumb Code    30  rt_cmsis.o(i.osKernelInitialize)
    osKernelStart                            0x08001445   Thumb Code    98  rt_cmsis.o(i.osKernelStart)
    osThreadCreate                           0x080014b1   Thumb Code    36  rt_cmsis.o(i.osThreadCreate)
    osThreadExit                             0x080014dd   Thumb Code    14  rt_cmsis.o(i.osThreadExit)
    os_error                                 0x080014f5   Thumb Code    34  rtx_conf_cm.o(i.os_error)
    os_idle_demon                            0x08001517   Thumb Code     4  rtx_conf_cm.o(i.os_idle_demon)
    os_tick_init                             0x0800151d   Thumb Code    32  rt_system.o(i.os_tick_init)
    os_tick_irqack                           0x08001545   Thumb Code     2  rt_system.o(i.os_tick_irqack)
    rt_alloc_box                             0x08001547   Thumb Code    26  rt_membox.o(i.rt_alloc_box)
    rt_alloc_mem                             0x08001561   Thumb Code    62  rt_memory.o(i.rt_alloc_mem)
    rt_block                                 0x080015a1   Thumb Code    48  rt_task.o(i.rt_block)
    rt_chk_robin                             0x080015d9   Thumb Code    60  rt_robin.o(i.rt_chk_robin)
    rt_dec_dly                               0x08001621   Thumb Code   102  rt_list.o(i.rt_dec_dly)
    rt_dispatch                              0x08001691   Thumb Code    60  rt_task.o(i.rt_dispatch)
    rt_dly_wait                              0x080016d5   Thumb Code     6  rt_time.o(i.rt_dly_wait)
    rt_evt_psh                               0x080016dd   Thumb Code    76  rt_event.o(i.rt_evt_psh)
    rt_free_box                              0x0800172d   Thumb Code    44  rt_membox.o(i.rt_free_box)
    rt_free_mem                              0x08001759   Thumb Code    40  rt_memory.o(i.rt_free_mem)
    rt_get_first                             0x08001781   Thumb Code    40  rt_list.o(i.rt_get_first)
    rt_init_mem                              0x080017f1   Thumb Code    26  rt_memory.o(i.rt_init_mem)
    rt_init_robin                            0x0800180d   Thumb Code    14  rt_robin.o(i.rt_init_robin)
    rt_init_stack                            0x08001825   Thumb Code   118  hal_cm.o(i.rt_init_stack)
    rt_mbx_check                             0x080018a5   Thumb Code     8  rt_mailbox.o(i.rt_mbx_check)
    rt_mbx_init                              0x080018ad   Thumb Code    26  rt_mailbox.o(i.rt_mbx_init)
    rt_mbx_psh                               0x080018c9   Thumb Code   236  rt_mailbox.o(i.rt_mbx_psh)
    rt_pop_req                               0x080019fd   Thumb Code   112  rt_system.o(i.rt_pop_req)
    rt_psh_req                               0x08001a79   Thumb Code    22  rt_system.o(i.rt_psh_req)
    rt_psq_enq                               0x08001a99   Thumb Code    88  rt_list.o(i.rt_psq_enq)
    rt_put_dly                               0x08001af5   Thumb Code    68  rt_list.o(i.rt_put_dly)
    rt_put_prio                              0x08001b3d   Thumb Code    54  rt_list.o(i.rt_put_prio)
    rt_put_rdy_first                         0x08001b75   Thumb Code    14  rt_list.o(i.rt_put_rdy_first)
    rt_resort_prio                           0x08001b89   Thumb Code    46  rt_list.o(i.rt_resort_prio)
    rt_ret_val                               0x08001bbd   Thumb Code     6  hal_cm.o(i.rt_ret_val)
    rt_ret_val2                              0x08001bc3   Thumb Code     8  hal_cm.o(i.rt_ret_val2)
    rt_rmv_dly                               0x08001bcb   Thumb Code    40  rt_list.o(i.rt_rmv_dly)
    rt_rmv_list                              0x08001bf5   Thumb Code    44  rt_list.o(i.rt_rmv_list)
    rt_sem_psh                               0x08001c25   Thumb Code    48  rt_semaphore.o(i.rt_sem_psh)
    rt_stk_check                             0x08001c59   Thumb Code    28  rt_system.o(i.rt_stk_check)
    rt_switch_req                            0x08001c7d   Thumb Code    30  rt_task.o(i.rt_switch_req)
    rt_sys_init                              0x08001ca5   Thumb Code   138  rt_task.o(i.rt_sys_init)
    rt_sys_start                             0x08001d71   Thumb Code   110  rt_task.o(i.rt_sys_start)
    rt_systick                               0x08001de9   Thumb Code    50  rt_system.o(i.rt_systick)
    rt_tsk_create                            0x08001e71   Thumb Code   118  rt_task.o(i.rt_tsk_create)
    rt_tsk_delete                            0x08001ef9   Thumb Code   352  rt_task.o(i.rt_tsk_delete)
    rt_tsk_prio                              0x08002075   Thumb Code   108  rt_task.o(i.rt_tsk_prio)
    rt_tsk_self                              0x080020f1   Thumb Code    12  rt_task.o(i.rt_tsk_self)
    svcDelay                                 0x08002101   Thumb Code    18  rt_cmsis.o(i.svcDelay)
    svcKernelInitialize                      0x08002115   Thumb Code    80  rt_cmsis.o(i.svcKernelInitialize)
    svcKernelStart                           0x08002185   Thumb Code    62  rt_cmsis.o(i.svcKernelStart)
    svcMessageCreate                         0x080021cd   Thumb Code    36  rt_cmsis.o(i.svcMessageCreate)
    svcThreadCreate                          0x080021f1   Thumb Code    96  rt_cmsis.o(i.svcThreadCreate)
    svcThreadGetId                           0x0800225d   Thumb Code    22  rt_cmsis.o(i.svcThreadGetId)
    svcThreadTerminate                       0x08002279   Thumb Code    50  rt_cmsis.o(i.svcThreadTerminate)
    sysTimerTick                             0x080022b1   Thumb Code    84  rt_cmsis.o(i.sysTimerTick)
    thread7                                  0x0800230d   Thumb Code   144  main.o(i.thread7)
    os_thread_def_thread7                    0x08002428   Data          16  main.o(.constdata)
    os_maxtaskrun                            0x08002438   Data           2  rtx_conf_cm.o(.constdata)
    os_stackinfo                             0x0800243c   Data           4  rtx_conf_cm.o(.constdata)
    os_rrobin                                0x08002440   Data           4  rtx_conf_cm.o(.constdata)
    os_tickfreq                              0x08002444   Data           4  rtx_conf_cm.o(.constdata)
    os_tickus_i                              0x08002448   Data           2  rtx_conf_cm.o(.constdata)
    os_tickus_f                              0x0800244a   Data           2  rtx_conf_cm.o(.constdata)
    os_trv                                   0x0800244c   Data           4  rtx_conf_cm.o(.constdata)
    os_flags                                 0x08002450   Data           1  rtx_conf_cm.o(.constdata)
    CMSIS_RTOS_API_Version                   0x08002454   Data           4  rtx_conf_cm.o(.constdata)
    CMSIS_RTOS_RTX_Version                   0x08002458   Data           4  rtx_conf_cm.o(.constdata)
    os_clockrate                             0x0800245c   Data           4  rtx_conf_cm.o(.constdata)
    os_timernum                              0x08002460   Data           4  rtx_conf_cm.o(.constdata)
    mp_tcb_size                              0x08002464   Data           2  rtx_conf_cm.o(.constdata)
    mp_stk_size                              0x08002468   Data           4  rtx_conf_cm.o(.constdata)
    os_stack_sz                              0x0800246c   Data           4  rtx_conf_cm.o(.constdata)
    os_fifo_size                             0x08002470   Data           1  rtx_conf_cm.o(.constdata)
    os_thread_def_osTimerThread              0x08002474   Data          16  rtx_conf_cm.o(.constdata)
    os_messageQ_def_osTimerMessageQ          0x08002484   Data           8  rtx_conf_cm.o(.constdata)
    mp_tmr_size                              0x0800248c   Data           2  rtx_conf_cm.o(.constdata)
    os_thread_def_main                       0x08002490   Data          16  rtx_conf_cm.o(.constdata)
    Region$$Table$$Base                      0x080024a0   Number         0  anon$$obj.o(Region$$Table)
    Region$$Table$$Limit                     0x080024c0   Number         0  anon$$obj.o(Region$$Table)
    sendnum                                  0x20000000   Data           1  main.o(.data)
    Receive                                  0x20000002   Data           2  main.o(.data)
    num                                      0x20000004   Data           1  main.o(.data)
    thread7_id                               0x20000008   Data           4  main.o(.data)
    osThreadId_osTimerThread                 0x2000000c   Data           4  rtx_conf_cm.o(.data)
    osMessageQId_osTimerMessageQ             0x20000010   Data           4  rtx_conf_cm.o(.data)
    os_tmr                                   0x20000014   Data           4  rtx_conf_cm.o(.data)
    m_tmr                                    0x20000018   Data           4  rtx_conf_cm.o(.data)
    os_initialized                           0x20000030   Data           1  rt_cmsis.o(.data)
    os_running                               0x20000031   Data           1  rt_cmsis.o(.data)
    os_timer_head                            0x20000034   Data           4  rt_cmsis.o(.data)
    os_tsk                                   0x20000038   Data           8  rt_task.o(.data)
    os_tick_irqn                             0x20000044   Data           4  rt_system.o(.data)
    os_time                                  0x20000048   Data           4  rt_time.o(.data)
    dbg_msg                                  0x2000004c   Data           1  hal_cm.o(.data)
    os_robin                                 0x20000050   Data           8  rt_robin.o(.data)
    __stdout                                 0x20000058   Data           4  stdout.o(.data)
    DMA_Usart_SendData                       0x2000005c   Data         100  main.o(.bss)
    DMA_Usart_ReadData                       0x200000c0   Data         100  main.o(.bss)
    TxMessage                                0x20000124   Data          20  main.o(.bss)
    RxMessage                                0x20000138   Data          20  main.o(.bss)
    mp_tcb                                   0x20000150   Data         428  rtx_conf_cm.o(.bss)
    mp_stk                                   0x20000300   Data        3600  rtx_conf_cm.o(.bss)
    os_stack_mem                             0x20001110   Data         544  rtx_conf_cm.o(.bss)
    os_fifo                                  0x20001330   Data         132  rtx_conf_cm.o(.bss)
    os_active_TCB                            0x200013b4   Data          32  rtx_conf_cm.o(.bss)
    os_messageQ_q_osTimerMessageQ            0x200013d4   Data          16  rtx_conf_cm.o(.bss)
    os_idle_TCB                              0x200013e4   Data          52  rt_task.o(.bss)
    os_rdy                                   0x20001418   Data          24  rt_list.o(.bss)
    os_dly                                   0x20001430   Data          24  rt_list.o(.bss)
    __initial_sp                             0x20001848   Data           0  startup_stm32f10x_hd.o(STACK)



==============================================================================

Memory Map of the image

  Image Entry point : 0x08000131

  Load Region LR_IROM1 (Base: 0x08000000, Size: 0x0000251c, Max: 0x00080000, ABSOLUTE)

    Execution Region ER_IROM1 (Exec base: 0x08000000, Load base: 0x08000000, Size: 0x000024c0, Max: 0x00080000, ABSOLUTE)

    Exec Addr    Load Addr    Size         Type   Attr      Idx    E Section Name        Object

    0x08000000   0x08000000   0x00000130   Data   RO          239    RESET               startup_stm32f10x_hd.o
    0x08000130   0x08000130   0x00000000   Code   RO         4908  * .ARM.Collect$$$$00000000  mc_w.l(entry.o)
    0x08000130   0x08000130   0x00000004   Code   RO         5182    .ARM.Collect$$$$00000001  mc_w.l(entry2.o)
    0x08000134   0x08000134   0x00000004   Code   RO         5185    .ARM.Collect$$$$00000004  mc_w.l(entry5.o)
    0x08000138   0x08000138   0x00000000   Code   RO         5187    .ARM.Collect$$$$00000008  mc_w.l(entry7b.o)
    0x08000138   0x08000138   0x00000000   Code   RO         5189    .ARM.Collect$$$$0000000A  mc_w.l(entry8b.o)
    0x08000138   0x08000138   0x00000000   Code   RO         5190    .ARM.Collect$$$$0000000D  mc_w.l(entry10a.o)
    0x08000138   0x08000138   0x00000000   Code   RO         5192    .ARM.Collect$$$$0000000F  mc_w.l(entry11a.o)
    0x08000138   0x08000138   0x00000018   Code   RO          286    .ARM.Collect$$$$000000FF  rtx_conf_cm.o
    0x08000150   0x08000150   0x00000004   Code   RO         5183    .ARM.Collect$$$$00002712  mc_w.l(entry2.o)
    0x08000154   0x08000154   0x00000130   Code   RO         4895    .emb_text           RTX_CM3.lib(hal_cm3.o)
    0x08000284   0x08000284   0x00000024   Code   RO          240    .text               startup_stm32f10x_hd.o
    0x080002a8   0x080002a8   0x0000002c   Code   RO         5195    .text               mc_w.l(uidiv.o)
    0x080002d4   0x080002d4   0x00000024   Code   RO         5214    .text               mc_w.l(init.o)
    0x080002f8   0x080002f8   0x00000004   Code   RO         4905    SVC_TABLE           RTX_CM3.lib(svc_table.o)
    0x080002fc   0x080002fc   0x00000004   Code   RO          159    i.BusFault_Handler  stm32f10x_it.o
    0x08000300   0x08000300   0x00000014   Code   RO         3596    i.CAN_Config        bsp_can.o
    0x08000314   0x08000314   0x00000038   Code   RO          697    i.CAN_DeInit        stm32f10x_can.o
    0x0800034c   0x0800034c   0x00000108   Code   RO          699    i.CAN_FilterInit    stm32f10x_can.o
    0x08000454   0x08000454   0x00000044   Code   RO         3597    i.CAN_Filter_Config  bsp_can.o
    0x08000498   0x08000498   0x00000048   Code   RO         3598    i.CAN_GPIO_Config   bsp_can.o
    0x080004e0   0x080004e0   0x00000012   Code   RO          705    i.CAN_ITConfig      stm32f10x_can.o
    0x080004f2   0x080004f2   0x00000114   Code   RO          706    i.CAN_Init          stm32f10x_can.o
    0x08000606   0x08000606   0x00000002   PAD
    0x08000608   0x08000608   0x00000060   Code   RO         3599    i.CAN_Mode_Config   bsp_can.o
    0x08000668   0x08000668   0x00000022   Code   RO         3600    i.CAN_NVIC_Config   bsp_can.o
    0x0800068a   0x0800068a   0x000000f0   Code   RO          709    i.CAN_Receive       stm32f10x_can.o
    0x0800077a   0x0800077a   0x00000002   PAD
    0x0800077c   0x0800077c   0x0000004c   Code   RO         3601    i.CAN_SetMsg        bsp_can.o
    0x080007c8   0x080007c8   0x00000020   Code   RO          712    i.CAN_StructInit    stm32f10x_can.o
    0x080007e8   0x080007e8   0x00000126   Code   RO          714    i.CAN_Transmit      stm32f10x_can.o
    0x0800090e   0x0800090e   0x00000002   PAD
    0x08000910   0x08000910   0x000000a0   Code   RO          715    i.CAN_TransmitStatus  stm32f10x_can.o
    0x080009b0   0x080009b0   0x00000002   Code   RO          160    i.DebugMon_Handler  stm32f10x_it.o
    0x080009b2   0x080009b2   0x00000116   Code   RO         1580    i.GPIO_Init         stm32f10x_gpio.o
    0x08000ac8   0x08000ac8   0x00000090   Code   RO         1582    i.GPIO_PinRemapConfig  stm32f10x_gpio.o
    0x08000b58   0x08000b58   0x00000004   Code   RO         1587    i.GPIO_ResetBits    stm32f10x_gpio.o
    0x08000b5c   0x08000b5c   0x00000004   Code   RO         1588    i.GPIO_SetBits      stm32f10x_gpio.o
    0x08000b60   0x08000b60   0x00000004   Code   RO          161    i.HardFault_Handler  stm32f10x_it.o
    0x08000b64   0x08000b64   0x00000004   Code   RO          162    i.MemManage_Handler  stm32f10x_it.o
    0x08000b68   0x08000b68   0x00000002   Code   RO          163    i.NMI_Handler       stm32f10x_it.o
    0x08000b6a   0x08000b6a   0x00000002   PAD
    0x08000b6c   0x08000b6c   0x00000070   Code   RO          333    i.NVIC_Init         misc.o
    0x08000bdc   0x08000bdc   0x00000014   Code   RO          334    i.NVIC_PriorityGroupConfig  misc.o
    0x08000bf0   0x08000bf0   0x00000020   Code   RO         2028    i.RCC_APB1PeriphClockCmd  stm32f10x_rcc.o
    0x08000c10   0x08000c10   0x00000020   Code   RO         2029    i.RCC_APB1PeriphResetCmd  stm32f10x_rcc.o
    0x08000c30   0x08000c30   0x00000020   Code   RO         2030    i.RCC_APB2PeriphClockCmd  stm32f10x_rcc.o
    0x08000c50   0x08000c50   0x000000d4   Code   RO         2038    i.RCC_GetClocksFreq  stm32f10x_rcc.o
    0x08000d24   0x08000d24   0x00000008   Code   RO          246    i.SetSysClock       system_stm32f10x.o
    0x08000d2c   0x08000d2c   0x000000e0   Code   RO          247    i.SetSysClockTo72   system_stm32f10x.o
    0x08000e0c   0x08000e0c   0x00000060   Code   RO          249    i.SystemInit        system_stm32f10x.o
    0x08000e6c   0x08000e6c   0x00000050   Code   RO          164    i.USART1_IRQHandler  stm32f10x_it.o
    0x08000ebc   0x08000ebc   0x0000002c   Code   RO          165    i.USART2_IRQHandler  stm32f10x_it.o
    0x08000ee8   0x08000ee8   0x00000018   Code   RO         3238    i.USART_Cmd         stm32f10x_usart.o
    0x08000f00   0x08000f00   0x0000001a   Code   RO         3241    i.USART_GetFlagStatus  stm32f10x_usart.o
    0x08000f1a   0x08000f1a   0x00000054   Code   RO         3242    i.USART_GetITStatus  stm32f10x_usart.o
    0x08000f6e   0x08000f6e   0x0000004a   Code   RO         3244    i.USART_ITConfig    stm32f10x_usart.o
    0x08000fb8   0x08000fb8   0x000000d8   Code   RO         3245    i.USART_Init        stm32f10x_usart.o
    0x08001090   0x08001090   0x0000000a   Code   RO         3252    i.USART_ReceiveData  stm32f10x_usart.o
    0x0800109a   0x0800109a   0x00000008   Code   RO         3255    i.USART_SendData    stm32f10x_usart.o
    0x080010a2   0x080010a2   0x00000002   PAD
    0x080010a4   0x080010a4   0x00000018   Code   RO          166    i.USB_LP_CAN1_RX0_IRQHandler  stm32f10x_it.o
    0x080010bc   0x080010bc   0x00000004   Code   RO          167    i.UsageFault_Handler  stm32f10x_it.o
    0x080010c0   0x080010c0   0x00000054   Code   RO         3511    i.Usart1_Config     bsp_usart.o
    0x08001114   0x08001114   0x00000022   Code   RO         3512    i.Usart1_NVIC_Config  bsp_usart.o
    0x08001136   0x08001136   0x00000002   PAD
    0x08001138   0x08001138   0x00000020   Code   RO         4958    i.__0printf$1       mc_w.l(printf1.o)
    0x08001158   0x08001158   0x0000000e   Code   RO         5222    i.__scatterload_copy  mc_w.l(handlers.o)
    0x08001166   0x08001166   0x00000002   Code   RO         5223    i.__scatterload_null  mc_w.l(handlers.o)
    0x08001168   0x08001168   0x0000000e   Code   RO         5224    i.__scatterload_zeroinit  mc_w.l(handlers.o)
    0x08001176   0x08001176   0x00000046   Code   RO         4773    i._init_box         RTX_CM3.lib(rt_membox.o)
    0x080011bc   0x080011bc   0x00000154   Code   RO         4965    i._printf_core      mc_w.l(printf1.o)
    0x08001310   0x08001310   0x00000030   Code   RO         4826    i.dbg_init          RTX_CM3.lib(hal_cm.o)
    0x08001340   0x08001340   0x00000020   Code   RO         4827    i.dbg_task_notify   RTX_CM3.lib(hal_cm.o)
    0x08001360   0x08001360   0x00000010   Code   RO         4828    i.dbg_task_switch   RTX_CM3.lib(hal_cm.o)
    0x08001370   0x08001370   0x00000024   Code   RO         3519    i.fputc             bsp_usart.o
    0x08001394   0x08001394   0x0000002c   Code   RO         3704    i.isrMessagePut     RTX_CM3.lib(rt_cmsis.o)
    0x080013c0   0x080013c0   0x0000000e   Code   RO         4620    i.isr_mbx_send      RTX_CM3.lib(rt_mailbox.o)
    0x080013ce   0x080013ce   0x00000002   PAD
    0x080013d0   0x080013d0   0x00000038   Code   RO            3    i.main              main.o
    0x08001408   0x08001408   0x00000018   Code   RO         3707    i.osDelay           RTX_CM3.lib(rt_cmsis.o)
    0x08001420   0x08001420   0x00000024   Code   RO         3708    i.osKernelInitialize  RTX_CM3.lib(rt_cmsis.o)
    0x08001444   0x08001444   0x0000006c   Code   RO         3710    i.osKernelStart     RTX_CM3.lib(rt_cmsis.o)
    0x080014b0   0x080014b0   0x0000002c   Code   RO         3736    i.osThreadCreate    RTX_CM3.lib(rt_cmsis.o)
    0x080014dc   0x080014dc   0x00000018   Code   RO         3737    i.osThreadExit      RTX_CM3.lib(rt_cmsis.o)
    0x080014f4   0x080014f4   0x00000022   Code   RO          287    i.os_error          rtx_conf_cm.o
    0x08001516   0x08001516   0x00000004   Code   RO          288    i.os_idle_demon     rtx_conf_cm.o
    0x0800151a   0x0800151a   0x00000002   PAD
    0x0800151c   0x0800151c   0x00000028   Code   RO         4407    i.os_tick_init      RTX_CM3.lib(rt_system.o)
    0x08001544   0x08001544   0x00000002   Code   RO         4408    i.os_tick_irqack    RTX_CM3.lib(rt_system.o)
    0x08001546   0x08001546   0x0000001a   Code   RO         4774    i.rt_alloc_box      RTX_CM3.lib(rt_membox.o)
    0x08001560   0x08001560   0x0000003e   Code   RO         4802    i.rt_alloc_mem      RTX_CM3.lib(rt_memory.o)
    0x0800159e   0x0800159e   0x00000002   PAD
    0x080015a0   0x080015a0   0x00000038   Code   RO         4322    i.rt_block          RTX_CM3.lib(rt_task.o)
    0x080015d8   0x080015d8   0x00000048   Code   RO         4874    i.rt_chk_robin      RTX_CM3.lib(rt_robin.o)
    0x08001620   0x08001620   0x00000070   Code   RO         4543    i.rt_dec_dly        RTX_CM3.lib(rt_list.o)
    0x08001690   0x08001690   0x00000044   Code   RO         4323    i.rt_dispatch       RTX_CM3.lib(rt_task.o)
    0x080016d4   0x080016d4   0x00000006   Code   RO         4709    i.rt_dly_wait       RTX_CM3.lib(rt_time.o)
    0x080016da   0x080016da   0x00000002   PAD
    0x080016dc   0x080016dc   0x00000050   Code   RO         4500    i.rt_evt_psh        RTX_CM3.lib(rt_event.o)
    0x0800172c   0x0800172c   0x0000002c   Code   RO         4775    i.rt_free_box       RTX_CM3.lib(rt_membox.o)
    0x08001758   0x08001758   0x00000028   Code   RO         4803    i.rt_free_mem       RTX_CM3.lib(rt_memory.o)
    0x08001780   0x08001780   0x00000028   Code   RO         4544    i.rt_get_first      RTX_CM3.lib(rt_list.o)
    0x080017a8   0x080017a8   0x00000048   Code   RO         4324    i.rt_init_context   RTX_CM3.lib(rt_task.o)
    0x080017f0   0x080017f0   0x0000001a   Code   RO         4804    i.rt_init_mem       RTX_CM3.lib(rt_memory.o)
    0x0800180a   0x0800180a   0x00000002   PAD
    0x0800180c   0x0800180c   0x00000018   Code   RO         4875    i.rt_init_robin     RTX_CM3.lib(rt_robin.o)
    0x08001824   0x08001824   0x00000080   Code   RO         4829    i.rt_init_stack     RTX_CM3.lib(hal_cm.o)
    0x080018a4   0x080018a4   0x00000008   Code   RO         4621    i.rt_mbx_check      RTX_CM3.lib(rt_mailbox.o)
    0x080018ac   0x080018ac   0x0000001a   Code   RO         4622    i.rt_mbx_init       RTX_CM3.lib(rt_mailbox.o)
    0x080018c6   0x080018c6   0x00000002   PAD
    0x080018c8   0x080018c8   0x000000f0   Code   RO         4623    i.rt_mbx_psh        RTX_CM3.lib(rt_mailbox.o)
    0x080019b8   0x080019b8   0x00000044   Code   RO         3754    i.rt_ms2tick        RTX_CM3.lib(rt_cmsis.o)
    0x080019fc   0x080019fc   0x0000007c   Code   RO         4411    i.rt_pop_req        RTX_CM3.lib(rt_system.o)
    0x08001a78   0x08001a78   0x00000020   Code   RO         4412    i.rt_psh_req        RTX_CM3.lib(rt_system.o)
    0x08001a98   0x08001a98   0x0000005c   Code   RO         4546    i.rt_psq_enq        RTX_CM3.lib(rt_list.o)
    0x08001af4   0x08001af4   0x00000048   Code   RO         4547    i.rt_put_dly        RTX_CM3.lib(rt_list.o)
    0x08001b3c   0x08001b3c   0x00000036   Code   RO         4548    i.rt_put_prio       RTX_CM3.lib(rt_list.o)
    0x08001b72   0x08001b72   0x00000002   PAD
    0x08001b74   0x08001b74   0x00000014   Code   RO         4549    i.rt_put_rdy_first  RTX_CM3.lib(rt_list.o)
    0x08001b88   0x08001b88   0x00000034   Code   RO         4550    i.rt_resort_prio    RTX_CM3.lib(rt_list.o)
    0x08001bbc   0x08001bbc   0x00000006   Code   RO         4830    i.rt_ret_val        RTX_CM3.lib(hal_cm.o)
    0x08001bc2   0x08001bc2   0x00000008   Code   RO         4831    i.rt_ret_val2       RTX_CM3.lib(hal_cm.o)
    0x08001bca   0x08001bca   0x00000028   Code   RO         4551    i.rt_rmv_dly        RTX_CM3.lib(rt_list.o)
    0x08001bf2   0x08001bf2   0x00000002   PAD
    0x08001bf4   0x08001bf4   0x00000030   Code   RO         4552    i.rt_rmv_list       RTX_CM3.lib(rt_list.o)
    0x08001c24   0x08001c24   0x00000034   Code   RO         4670    i.rt_sem_psh        RTX_CM3.lib(rt_semaphore.o)
    0x08001c58   0x08001c58   0x00000024   Code   RO         4414    i.rt_stk_check      RTX_CM3.lib(rt_system.o)
    0x08001c7c   0x08001c7c   0x00000028   Code   RO         4325    i.rt_switch_req     RTX_CM3.lib(rt_task.o)
    0x08001ca4   0x08001ca4   0x000000cc   Code   RO         4326    i.rt_sys_init       RTX_CM3.lib(rt_task.o)
    0x08001d70   0x08001d70   0x00000078   Code   RO         4327    i.rt_sys_start      RTX_CM3.lib(rt_task.o)
    0x08001de8   0x08001de8   0x00000040   Code   RO         4416    i.rt_systick        RTX_CM3.lib(rt_system.o)
    0x08001e28   0x08001e28   0x00000012   Code   RO         3755    i.rt_tid2ptcb       RTX_CM3.lib(rt_cmsis.o)
    0x08001e3a   0x08001e3a   0x00000002   PAD
    0x08001e3c   0x08001e3c   0x00000034   Code   RO         3756    i.rt_timer_insert   RTX_CM3.lib(rt_cmsis.o)
    0x08001e70   0x08001e70   0x00000088   Code   RO         4328    i.rt_tsk_create     RTX_CM3.lib(rt_task.o)
    0x08001ef8   0x08001ef8   0x0000017c   Code   RO         4329    i.rt_tsk_delete     RTX_CM3.lib(rt_task.o)
    0x08002074   0x08002074   0x0000007c   Code   RO         4331    i.rt_tsk_prio       RTX_CM3.lib(rt_task.o)
    0x080020f0   0x080020f0   0x00000010   Code   RO         4332    i.rt_tsk_self       RTX_CM3.lib(rt_task.o)
    0x08002100   0x08002100   0x00000012   Code   RO         3758    i.svcDelay          RTX_CM3.lib(rt_cmsis.o)
    0x08002112   0x08002112   0x00000002   PAD
    0x08002114   0x08002114   0x00000070   Code   RO         3759    i.svcKernelInitialize  RTX_CM3.lib(rt_cmsis.o)
    0x08002184   0x08002184   0x00000048   Code   RO         3761    i.svcKernelStart    RTX_CM3.lib(rt_cmsis.o)
    0x080021cc   0x080021cc   0x00000024   Code   RO         3764    i.svcMessageCreate  RTX_CM3.lib(rt_cmsis.o)
    0x080021f0   0x080021f0   0x0000006c   Code   RO         3779    i.svcThreadCreate   RTX_CM3.lib(rt_cmsis.o)
    0x0800225c   0x0800225c   0x0000001c   Code   RO         3780    i.svcThreadGetId    RTX_CM3.lib(rt_cmsis.o)
    0x08002278   0x08002278   0x00000038   Code   RO         3783    i.svcThreadTerminate  RTX_CM3.lib(rt_cmsis.o)
    0x080022b0   0x080022b0   0x0000005c   Code   RO         3794    i.sysTimerTick      RTX_CM3.lib(rt_cmsis.o)
    0x0800230c   0x0800230c   0x000000d8   Code   RO            4    i.thread7           main.o
    0x080023e4   0x080023e4   0x00000044   Code   RO         3520    i.usart1_GPIO_Config  bsp_usart.o
    0x08002428   0x08002428   0x00000010   Data   RO            6    .constdata          main.o
    0x08002438   0x08002438   0x00000068   Data   RO          290    .constdata          rtx_conf_cm.o
    0x080024a0   0x080024a0   0x00000020   Data   RO         5220    Region$$Table       anon$$obj.o


    Execution Region RW_IRAM1 (Exec base: 0x20000000, Load base: 0x080024c0, Size: 0x00001848, Max: 0x00010000, ABSOLUTE)

    Exec Addr    Load Addr    Size         Type   Attr      Idx    E Section Name        Object

    0x20000000   0x080024c0   0x0000000c   Data   RW            7    .data               main.o
    0x2000000c   0x080024cc   0x00000010   Data   RW          291    .data               rtx_conf_cm.o
    0x2000001c   0x080024dc   0x00000014   Data   RW         2058    .data               stm32f10x_rcc.o
    0x20000030   0x080024f0   0x00000008   Data   RW         3797    .data               RTX_CM3.lib(rt_cmsis.o)
    0x20000038   0x080024f8   0x00000008   Data   RW         4334    .data               RTX_CM3.lib(rt_task.o)
    0x20000040   0x08002500   0x00000008   Data   RW         4419    .data               RTX_CM3.lib(rt_system.o)
    0x20000048   0x08002508   0x00000004   Data   RW         4713    .data               RTX_CM3.lib(rt_time.o)
    0x2000004c   0x0800250c   0x00000001   Data   RW         4832    .data               RTX_CM3.lib(hal_cm.o)
    0x2000004d   0x0800250d   0x00000003   PAD
    0x20000050   0x08002510   0x00000008   Data   RW         4876    .data               RTX_CM3.lib(rt_robin.o)
    0x20000058   0x08002518   0x00000004   Data   RW         5194    .data               mc_w.l(stdout.o)
    0x2000005c        -       0x000000f0   Zero   RW            5    .bss                main.o
    0x2000014c   0x0800251c   0x00000004   PAD
    0x20000150        -       0x00001294   Zero   RW          289    .bss                rtx_conf_cm.o
    0x200013e4        -       0x00000034   Zero   RW         4333    .bss                RTX_CM3.lib(rt_task.o)
    0x20001418        -       0x00000030   Zero   RW         4553    .bss                RTX_CM3.lib(rt_list.o)
    0x20001448        -       0x00000400   Zero   RW          237    STACK               startup_stm32f10x_hd.o


==============================================================================

Image component sizes


      Code (inc. data)   RO Data    RW Data    ZI Data      Debug   Object Name

       366         24          0          0          0       3136   bsp_can.o
       222         14          0          0          0       3520   bsp_usart.o
       272         82         16         12        240     246604   main.o
       132         22          0          0          0       1559   misc.o
        62          6        104         16       4756       7420   rtx_conf_cm.o
        36          8        304          0       1024        796   startup_stm32f10x_hd.o
      1340         34          0          0          0       6015   stm32f10x_can.o
       430          6          0          0          0       3830   stm32f10x_gpio.o
       168         28          0          0          0       3846   stm32f10x_it.o
       308         38          0         20          0       4931   stm32f10x_rcc.o
       442          6          0          0          0       6049   stm32f10x_usart.o
       328         28          0          0          0       1953   system_stm32f10x.o

    ----------------------------------------------------------------------
      4120        296        456         48       6024     289659   Object Totals
         0          0         32          0          0          0   (incl. Generated)
        14          0          0          0          4          0   (incl. Padding)

    ----------------------------------------------------------------------

      Code (inc. data)   RO Data    RW Data    ZI Data      Debug   Library Member Name

       238         24          0          1          0       3312   hal_cm.o
       304         36          0          0          0        768   hal_cm3.o
       940        128          0          8          0      29019   rt_cmsis.o
        80          4          0          0          0        661   rt_event.o
       530         34          0          0         48       8253   rt_list.o
       288          4          0          0          0       2425   rt_mailbox.o
       140          0          0          0          0       1925   rt_membox.o
       128          0          0          0          0       2307   rt_memory.o
        96         22          0          8          0       1158   rt_robin.o
        52          4          0          0          0        573   rt_semaphore.o
       298         52          0          8          0       6223   rt_system.o
      1216        174          0          8         52       9649   rt_task.o
         6          0          0          4          0        652   rt_time.o
         4          4          0          0          0        208   svc_table.o
         0          0          0          0          0          0   entry.o
         0          0          0          0          0          0   entry10a.o
         0          0          0          0          0          0   entry11a.o
         8          4          0          0          0          0   entry2.o
         4          0          0          0          0          0   entry5.o
         0          0          0          0          0          0   entry7b.o
         0          0          0          0          0          0   entry8b.o
        30          0          0          0          0          0   handlers.o
        36          8          0          0          0         68   init.o
       372         14          0          0          0        184   printf1.o
         0          0          0          4          0          0   stdout.o
        44          0          0          0          0         80   uidiv.o

    ----------------------------------------------------------------------
      4832        512          0         44        100      67465   Library Totals
        18          0          0          3          0          0   (incl. Padding)

    ----------------------------------------------------------------------

      Code (inc. data)   RO Data    RW Data    ZI Data      Debug   Library Name

      4320        486          0         37        100      67133   RTX_CM3.lib
       494         26          0          4          0        332   mc_w.l

    ----------------------------------------------------------------------
      4832        512          0         44        100      67465   Library Totals

    ----------------------------------------------------------------------

==============================================================================


      Code (inc. data)   RO Data    RW Data    ZI Data      Debug   

      8952        808        456         92       6124     351556   Grand Totals
      8952        808        456         92       6124     351556   ELF Image Totals
      8952        808        456         92          0          0   ROM Totals

==============================================================================

    Total RO  Size (Code + RO Data)                 9408 (   9.19kB)
    Total RW  Size (RW Data + ZI Data)              6216 (   6.07kB)
    Total ROM Size (Code + RO Data + RW Data)       9500 (   9.28kB)

==============================================================================

